Archive member included because of file (symbol)

c:/winavr-20090313/bin/../lib/gcc/avr/4.3.2/avr5\libgcc.a(_exit.o)
                              c:/winavr-20090313/bin/../lib/gcc/avr/4.3.2/../../../../avr/lib/avr5/crtm168.o (exit)
c:/winavr-20090313/bin/../lib/gcc/avr/4.3.2/avr5\libgcc.a(_copy_data.o)
                              usbdrv.o (__do_copy_data)
c:/winavr-20090313/bin/../lib/gcc/avr/4.3.2/avr5\libgcc.a(_clear_bss.o)
                              dualShockInterface.o (__do_clear_bss)
c:/winavr-20090313/bin/../lib/gcc/avr/4.3.2/../../../../avr/lib/avr5\libc.a(eerd_block.o)
                              main.o (__eerd_block)
c:/winavr-20090313/bin/../lib/gcc/avr/4.3.2/../../../../avr/lib/avr5\libc.a(eewr_block.o)
                              main.o (__eewr_block)
c:/winavr-20090313/bin/../lib/gcc/avr/4.3.2/avr5\libgcc.a(_prologue.o)
                              c:/winavr-20090313/bin/../lib/gcc/avr/4.3.2/../../../../avr/lib/avr5\libc.a(eerd_block.o) (__prologue_saves__)
c:/winavr-20090313/bin/../lib/gcc/avr/4.3.2/avr5\libgcc.a(_epilogue.o)
                              c:/winavr-20090313/bin/../lib/gcc/avr/4.3.2/../../../../avr/lib/avr5\libc.a(eerd_block.o) (__epilogue_restores__)

Allocating common symbols
Common symbol       size              file

usbTxBuf            0xb               usbdrv.o
usbTxStatus1        0xc               usbdrv.o
usbDeviceAddr       0x1               usbdrv.o
usbRxToken          0x1               usbdrv.o
usbInputBufOffset   0x1               usbdrv.o
usbMsgPtr           0x2               usbdrv.o
usbRxLen            0x1               usbdrv.o
usbNewDeviceAddr    0x1               usbdrv.o
usbCurrentTok       0x1               usbdrv.o
usbConfiguration    0x1               usbdrv.o
reportBuffer        0x7               dualShockInterface.o
usbRxBuf            0x16              usbdrv.o
usbTxStatus3        0xc               usbdrv.o

Memory Configuration

Name             Origin             Length             Attributes
text             0x00000000         0x00020000         xr
data             0x00800060         0x0000ffa0         rw !x
eeprom           0x00810000         0x00010000         rw !x
fuse             0x00820000         0x00000400         rw !x
lock             0x00830000         0x00000400         rw !x
signature        0x00840000         0x00000400         rw !x
*default*        0x00000000         0xffffffff

Linker script and memory map

Address of section .data set to 0x800100
LOAD c:/winavr-20090313/bin/../lib/gcc/avr/4.3.2/../../../../avr/lib/avr5/crtm168.o
LOAD processStringState.o
LOAD guitarInitFunctions.o
LOAD main.o
LOAD dualShockInterface.o
LOAD usbdrvasm.o
LOAD usbdrv.o
LOAD c:/winavr-20090313/bin/../lib/gcc/avr/4.3.2/avr5\libgcc.a
LOAD c:/winavr-20090313/bin/../lib/gcc/avr/4.3.2/../../../../avr/lib/avr5\libc.a
LOAD c:/winavr-20090313/bin/../lib/gcc/avr/4.3.2/avr5\libgcc.a

.hash
 *(.hash)

.dynsym
 *(.dynsym)

.dynstr
 *(.dynstr)

.gnu.version
 *(.gnu.version)

.gnu.version_d
 *(.gnu.version_d)

.gnu.version_r
 *(.gnu.version_r)

.rel.init
 *(.rel.init)

.rela.init
 *(.rela.init)

.rel.text
 *(.rel.text)
 *(.rel.text.*)
 *(.rel.gnu.linkonce.t*)

.rela.text
 *(.rela.text)
 *(.rela.text.*)
 *(.rela.gnu.linkonce.t*)

.rel.fini
 *(.rel.fini)

.rela.fini
 *(.rela.fini)

.rel.rodata
 *(.rel.rodata)
 *(.rel.rodata.*)
 *(.rel.gnu.linkonce.r*)

.rela.rodata
 *(.rela.rodata)
 *(.rela.rodata.*)
 *(.rela.gnu.linkonce.r*)

.rel.data
 *(.rel.data)
 *(.rel.data.*)
 *(.rel.gnu.linkonce.d*)

.rela.data
 *(.rela.data)
 *(.rela.data.*)
 *(.rela.gnu.linkonce.d*)

.rel.ctors
 *(.rel.ctors)

.rela.ctors
 *(.rela.ctors)

.rel.dtors
 *(.rel.dtors)

.rela.dtors
 *(.rela.dtors)

.rel.got
 *(.rel.got)

.rela.got
 *(.rela.got)

.rel.bss
 *(.rel.bss)

.rela.bss
 *(.rela.bss)

.rel.plt
 *(.rel.plt)

.rela.plt
 *(.rela.plt)

.text           0x00000000     0x1ed0
 *(.vectors)
 .vectors       0x00000000       0x68 c:/winavr-20090313/bin/../lib/gcc/avr/4.3.2/../../../../avr/lib/avr5/crtm168.o
                0x00000000                __vectors
                0x00000000                __vector_default
 *(.vectors)
 *(.progmem.gcc*)
 *(.progmem*)
 .progmem.data  0x00000068       0x54 dualShockInterface.o
                0x00000068                usbDescriptorHidReport
 .progmem.data  0x000000bc       0x6f usbdrv.o
                0x000000f0                usbDescriptorDevice
                0x000000bc                usbDescriptorString0
                0x00000102                usbDescriptorConfiguration
                0x000000c0                usbDescriptorStringVendor
                0x000000dc                usbDescriptorStringDevice
                0x0000012c                . = ALIGN (0x2)
 *fill*         0x0000012b        0x1 00
                0x0000012c                __trampolines_start = .
 *(.trampolines)
 .trampolines   0x0000012c        0x0 linker stubs
 *(.trampolines*)
                0x0000012c                __trampolines_end = .
 *(.jumptables)
 *(.jumptables*)
 *(.lowtext)
 *(.lowtext*)
                0x0000012c                __ctors_start = .
 *(.ctors)
                0x0000012c                __ctors_end = .
                0x0000012c                __dtors_start = .
 *(.dtors)
                0x0000012c                __dtors_end = .
 SORT(*)(.ctors)
 SORT(*)(.dtors)
 *(.init0)
 .init0         0x0000012c        0x0 c:/winavr-20090313/bin/../lib/gcc/avr/4.3.2/../../../../avr/lib/avr5/crtm168.o
                0x0000012c                __init
 *(.init0)
 *(.init1)
 *(.init1)
 *(.init2)
 .init2         0x0000012c        0xc c:/winavr-20090313/bin/../lib/gcc/avr/4.3.2/../../../../avr/lib/avr5/crtm168.o
 *(.init2)
 *(.init3)
 *(.init3)
 *(.init4)
 .init4         0x00000138       0x16 c:/winavr-20090313/bin/../lib/gcc/avr/4.3.2/avr5\libgcc.a(_copy_data.o)
                0x00000138                __do_copy_data
 .init4         0x0000014e       0x10 c:/winavr-20090313/bin/../lib/gcc/avr/4.3.2/avr5\libgcc.a(_clear_bss.o)
                0x0000014e                __do_clear_bss
 *(.init4)
 *(.init5)
 *(.init5)
 *(.init6)
 *(.init6)
 *(.init7)
 *(.init7)
 *(.init8)
 *(.init8)
 *(.init9)
 .init9         0x0000015e        0x8 c:/winavr-20090313/bin/../lib/gcc/avr/4.3.2/../../../../avr/lib/avr5/crtm168.o
 *(.init9)
 *(.text)
 .text          0x00000166        0x4 c:/winavr-20090313/bin/../lib/gcc/avr/4.3.2/../../../../avr/lib/avr5/crtm168.o
                0x00000166                __vector_22
                0x00000166                __vector_1
                0x00000166                __vector_24
                0x00000166                __vector_12
                0x00000166                __bad_interrupt
                0x00000166                __vector_6
                0x00000166                __vector_3
                0x00000166                __vector_23
                0x00000166                __vector_25
                0x00000166                __vector_11
                0x00000166                __vector_13
                0x00000166                __vector_17
                0x00000166                __vector_19
                0x00000166                __vector_7
                0x00000166                __vector_5
                0x00000166                __vector_4
                0x00000166                __vector_9
                0x00000166                __vector_21
                0x00000166                __vector_15
                0x00000166                __vector_8
                0x00000166                __vector_14
                0x00000166                __vector_10
                0x00000166                __vector_16
                0x00000166                __vector_18
                0x00000166                __vector_20
 .text          0x0000016a      0xba6 processStringState.o
                0x000006c4                processNotes
                0x0000016a                processChords
                0x00000a24                configSetButtonData
                0x00000848                processFrets
                0x000009f8                displayTransitionState
                0x000009ca                processStringState
 .text          0x00000d10       0x90 guitarInitFunctions.o
                0x00000d10                setPins
                0x00000d4a                setTimer
 .text          0x00000da0      0x906 main.o
                0x00000dca                readFrets
                0x00000e80                main
 .text          0x000016a6      0x1ca dualShockInterface.o
                0x000016a6                usbFunctionSetup
                0x00001836                startDualShockCommunication
                0x000016ee                sendDualShockData
 .text          0x00001870      0x2bc usbdrvasm.o
                0x00001870                usbCrc16
                0x0000189a                usbCrc16Append
                0x000018a2                __vector_2
 .text          0x00001b2c      0x2c2 usbdrv.o
                0x00001b4e                usbPoll
                0x00001d66                usbSetInterrupt3
                0x00001daa                usbSetInterrupt
                0x00001b2c                usbInit
 .text          0x00001dee        0x0 c:/winavr-20090313/bin/../lib/gcc/avr/4.3.2/avr5\libgcc.a(_exit.o)
 .text          0x00001dee        0x0 c:/winavr-20090313/bin/../lib/gcc/avr/4.3.2/avr5\libgcc.a(_copy_data.o)
 .text          0x00001dee        0x0 c:/winavr-20090313/bin/../lib/gcc/avr/4.3.2/avr5\libgcc.a(_clear_bss.o)
 .text          0x00001dee       0x38 c:/winavr-20090313/bin/../lib/gcc/avr/4.3.2/../../../../avr/lib/avr5\libc.a(eerd_block.o)
                0x00001dee                __eerd_block
 .text          0x00001e26       0x38 c:/winavr-20090313/bin/../lib/gcc/avr/4.3.2/../../../../avr/lib/avr5\libc.a(eewr_block.o)
                0x00001e26                __eewr_block
 .text          0x00001e5e        0x0 c:/winavr-20090313/bin/../lib/gcc/avr/4.3.2/avr5\libgcc.a(_prologue.o)
 .text          0x00001e5e        0x0 c:/winavr-20090313/bin/../lib/gcc/avr/4.3.2/avr5\libgcc.a(_epilogue.o)
                0x00001e5e                . = ALIGN (0x2)
 *(.text.*)
 .text.libgcc   0x00001e5e        0x0 c:/winavr-20090313/bin/../lib/gcc/avr/4.3.2/avr5\libgcc.a(_exit.o)
 .text.libgcc   0x00001e5e        0x0 c:/winavr-20090313/bin/../lib/gcc/avr/4.3.2/avr5\libgcc.a(_copy_data.o)
 .text.libgcc   0x00001e5e        0x0 c:/winavr-20090313/bin/../lib/gcc/avr/4.3.2/avr5\libgcc.a(_clear_bss.o)
 .text.libgcc   0x00001e5e       0x38 c:/winavr-20090313/bin/../lib/gcc/avr/4.3.2/avr5\libgcc.a(_prologue.o)
                0x00001e5e                __prologue_saves__
 .text.libgcc   0x00001e96       0x36 c:/winavr-20090313/bin/../lib/gcc/avr/4.3.2/avr5\libgcc.a(_epilogue.o)
                0x00001e96                __epilogue_restores__
                0x00001ecc                . = ALIGN (0x2)
 *(.fini9)
 .fini9         0x00001ecc        0x0 c:/winavr-20090313/bin/../lib/gcc/avr/4.3.2/avr5\libgcc.a(_exit.o)
                0x00001ecc                exit
                0x00001ecc                _exit
 *(.fini9)
 *(.fini8)
 *(.fini8)
 *(.fini7)
 *(.fini7)
 *(.fini6)
 *(.fini6)
 *(.fini5)
 *(.fini5)
 *(.fini4)
 *(.fini4)
 *(.fini3)
 *(.fini3)
 *(.fini2)
 *(.fini2)
 *(.fini1)
 *(.fini1)
 *(.fini0)
 .fini0         0x00001ecc        0x4 c:/winavr-20090313/bin/../lib/gcc/avr/4.3.2/avr5\libgcc.a(_exit.o)
 *(.fini0)
                0x00001ed0                _etext = .

.data           0x00800100        0x2 load address 0x00001ed0
                0x00800100                PROVIDE (__data_start, .)
 *(.data)
 .data          0x00800100        0x0 c:/winavr-20090313/bin/../lib/gcc/avr/4.3.2/../../../../avr/lib/avr5/crtm168.o
 .data          0x00800100        0x0 processStringState.o
 .data          0x00800100        0x0 guitarInitFunctions.o
 .data          0x00800100        0x0 main.o
 .data          0x00800100        0x0 dualShockInterface.o
 .data          0x00800100        0x0 usbdrvasm.o
 .data          0x00800100        0x2 usbdrv.o
                0x00800100                usbTxLen
 .data          0x00800102        0x0 c:/winavr-20090313/bin/../lib/gcc/avr/4.3.2/avr5\libgcc.a(_exit.o)
 .data          0x00800102        0x0 c:/winavr-20090313/bin/../lib/gcc/avr/4.3.2/avr5\libgcc.a(_copy_data.o)
 .data          0x00800102        0x0 c:/winavr-20090313/bin/../lib/gcc/avr/4.3.2/avr5\libgcc.a(_clear_bss.o)
 .data          0x00800102        0x0 c:/winavr-20090313/bin/../lib/gcc/avr/4.3.2/../../../../avr/lib/avr5\libc.a(eerd_block.o)
 .data          0x00800102        0x0 c:/winavr-20090313/bin/../lib/gcc/avr/4.3.2/../../../../avr/lib/avr5\libc.a(eewr_block.o)
 .data          0x00800102        0x0 c:/winavr-20090313/bin/../lib/gcc/avr/4.3.2/avr5\libgcc.a(_prologue.o)
 .data          0x00800102        0x0 c:/winavr-20090313/bin/../lib/gcc/avr/4.3.2/avr5\libgcc.a(_epilogue.o)
 *(.data*)
 *(.rodata)
 *(.rodata*)
 *(.gnu.linkonce.d*)
                0x00800102                . = ALIGN (0x2)
                0x00800102                _edata = .
                0x00800102                PROVIDE (__data_end, .)

.bss            0x00800102       0x52
                0x00800102                PROVIDE (__bss_start, .)
 *(.bss)
 .bss           0x00800102        0x0 c:/winavr-20090313/bin/../lib/gcc/avr/4.3.2/../../../../avr/lib/avr5/crtm168.o
 .bss           0x00800102        0x0 processStringState.o
 .bss           0x00800102        0x0 guitarInitFunctions.o
 .bss           0x00800102        0x0 main.o
 .bss           0x00800102        0x8 dualShockInterface.o
 .bss           0x0080010a        0x0 usbdrvasm.o
 .bss           0x0080010a        0x1 usbdrv.o
 .bss           0x0080010b        0x0 c:/winavr-20090313/bin/../lib/gcc/avr/4.3.2/avr5\libgcc.a(_exit.o)
 .bss           0x0080010b        0x0 c:/winavr-20090313/bin/../lib/gcc/avr/4.3.2/avr5\libgcc.a(_copy_data.o)
 .bss           0x0080010b        0x0 c:/winavr-20090313/bin/../lib/gcc/avr/4.3.2/avr5\libgcc.a(_clear_bss.o)
 .bss           0x0080010b        0x0 c:/winavr-20090313/bin/../lib/gcc/avr/4.3.2/../../../../avr/lib/avr5\libc.a(eerd_block.o)
 .bss           0x0080010b        0x0 c:/winavr-20090313/bin/../lib/gcc/avr/4.3.2/../../../../avr/lib/avr5\libc.a(eewr_block.o)
 .bss           0x0080010b        0x0 c:/winavr-20090313/bin/../lib/gcc/avr/4.3.2/avr5\libgcc.a(_prologue.o)
 .bss           0x0080010b        0x0 c:/winavr-20090313/bin/../lib/gcc/avr/4.3.2/avr5\libgcc.a(_epilogue.o)
 *(.bss*)
 *(COMMON)
 COMMON         0x0080010b        0x7 dualShockInterface.o
                0x0080010b                reportBuffer
 COMMON         0x00800112       0x42 usbdrv.o
                0x00800112                usbTxBuf
                0x0080011d                usbTxStatus1
                0x00800129                usbDeviceAddr
                0x0080012a                usbRxToken
                0x0080012b                usbInputBufOffset
                0x0080012c                usbMsgPtr
                0x0080012e                usbRxLen
                0x0080012f                usbNewDeviceAddr
                0x00800130                usbCurrentTok
                0x00800131                usbConfiguration
                0x00800132                usbRxBuf
                0x00800148                usbTxStatus3
                0x00800154                PROVIDE (__bss_end, .)
                0x00001ed0                __data_load_start = LOADADDR (.data)
                0x00001ed2                __data_load_end = (__data_load_start + SIZEOF (.data))

.noinit         0x00800154        0x0
                0x00800154                PROVIDE (__noinit_start, .)
 *(.noinit*)
                0x00800154                PROVIDE (__noinit_end, .)
                0x00800154                _end = .
                0x00800154                PROVIDE (__heap_start, .)

.eeprom         0x00810000      0x168
 *(.eeprom*)
 .eeprom        0x00810000      0x168 main.o
                0x00810000                notesModeButtonPatterns
                0x00810078                chordModeButtonPatterns
                0x00810168                __eeprom_end = .

.fuse
 *(.fuse)
 *(.lfuse)
 *(.hfuse)
 *(.efuse)

.lock
 *(.lock*)

.signature
 *(.signature*)

.stab
 *(.stab)

.stabstr
 *(.stabstr)

.stab.excl
 *(.stab.excl)

.stab.exclstr
 *(.stab.exclstr)

.stab.index
 *(.stab.index)

.stab.indexstr
 *(.stab.indexstr)

.comment
 *(.comment)

.debug
 *(.debug)

.line
 *(.line)

.debug_srcinfo
 *(.debug_srcinfo)

.debug_sfnames
 *(.debug_sfnames)

.debug_aranges  0x00000000       0xa0
 *(.debug_aranges)
 .debug_aranges
                0x00000000       0x20 processStringState.o
 .debug_aranges
                0x00000020       0x20 guitarInitFunctions.o
 .debug_aranges
                0x00000040       0x20 main.o
 .debug_aranges
                0x00000060       0x20 dualShockInterface.o
 .debug_aranges
                0x00000080       0x20 usbdrv.o

.debug_pubnames
                0x00000000      0x35b
 *(.debug_pubnames)
 .debug_pubnames
                0x00000000       0x90 processStringState.o
 .debug_pubnames
                0x00000090       0x2b guitarInitFunctions.o
 .debug_pubnames
                0x000000bb       0x61 main.o
 .debug_pubnames
                0x0000011c       0x89 dualShockInterface.o
 .debug_pubnames
                0x000001a5      0x1b6 usbdrv.o

.debug_info     0x00000000     0x1a27
 *(.debug_info)
 .debug_info    0x00000000      0x477 processStringState.o
 .debug_info    0x00000477       0x8d guitarInitFunctions.o
 .debug_info    0x00000504      0x83e main.o
 .debug_info    0x00000d42      0x3ae dualShockInterface.o
 .debug_info    0x000010f0      0x937 usbdrv.o
 *(.gnu.linkonce.wi.*)

.debug_abbrev   0x00000000      0x8c3
 *(.debug_abbrev)
 .debug_abbrev  0x00000000      0x147 processStringState.o
 .debug_abbrev  0x00000147       0x3f guitarInitFunctions.o
 .debug_abbrev  0x00000186      0x2a4 main.o
 .debug_abbrev  0x0000042a      0x1d8 dualShockInterface.o
 .debug_abbrev  0x00000602      0x2c1 usbdrv.o

.debug_line     0x00000000     0x1746
 *(.debug_line)
 .debug_line    0x00000000      0x639 processStringState.o
 .debug_line    0x00000639      0x1bd guitarInitFunctions.o
 .debug_line    0x000007f6      0x81b main.o
 .debug_line    0x00001011      0x360 dualShockInterface.o
 .debug_line    0x00001371      0x3d5 usbdrv.o

.debug_frame    0x00000000      0x180
 *(.debug_frame)
 .debug_frame   0x00000000       0x70 processStringState.o
 .debug_frame   0x00000070       0x30 guitarInitFunctions.o
 .debug_frame   0x000000a0       0x50 main.o
 .debug_frame   0x000000f0       0x40 dualShockInterface.o
 .debug_frame   0x00000130       0x50 usbdrv.o

.debug_str      0x00000000      0x869
 *(.debug_str)
 .debug_str     0x00000000      0x259 processStringState.o
                                0x292 (size before relaxing)
 .debug_str     0x00000259       0x2a guitarInitFunctions.o
                                 0xeb (size before relaxing)
 .debug_str     0x00000283      0x1f5 main.o
                                0x3b6 (size before relaxing)
 .debug_str     0x00000478      0x153 dualShockInterface.o
                                0x294 (size before relaxing)
 .debug_str     0x000005cb      0x29e usbdrv.o
                                0x435 (size before relaxing)

.debug_loc      0x00000000      0xaf2
 *(.debug_loc)
 .debug_loc     0x00000000      0x612 processStringState.o
 .debug_loc     0x00000612      0x12b main.o
 .debug_loc     0x0000073d       0x43 dualShockInterface.o
 .debug_loc     0x00000780      0x372 usbdrv.o

.debug_macinfo
 *(.debug_macinfo)
OUTPUT(GuitarFight_12MHz.elf elf32-avr)
LOAD linker stubs

.debug_ranges   0x00000000      0x118
 .debug_ranges  0x00000000       0x30 processStringState.o
 .debug_ranges  0x00000030       0x48 main.o
 .debug_ranges  0x00000078       0x48 dualShockInterface.o
 .debug_ranges  0x000000c0       0x58 usbdrv.o
