Archive member included because of file (symbol)

c:/winavr-20090313/bin/../lib/gcc/avr/4.3.2/avr5\libgcc.a(_exit.o)
                              c:/winavr-20090313/bin/../lib/gcc/avr/4.3.2/../../../../avr/lib/avr5/crtm328p.o (exit)
c:/winavr-20090313/bin/../lib/gcc/avr/4.3.2/avr5\libgcc.a(_copy_data.o)
                              V1_Wii.o (__do_copy_data)
c:/winavr-20090313/bin/../lib/gcc/avr/4.3.2/avr5\libgcc.a(_clear_bss.o)
                              V1_Wii.o (__do_clear_bss)
c:/winavr-20090313/bin/../lib/gcc/avr/4.3.2/../../../../avr/lib/avr5\libc.a(memcmp.o)
                              wiimote.o (memcmp)

Allocating common symbols
Common symbol       size              file

greenTimers         0xc               V1_Wii.o
debounceTimer       0x2               V1_Wii.o
triedGreen          0xc               V1_Wii.o
but_dat             0x6               V1_Wii.o
previousPlusOn      0x1               V1_Wii.o

Memory Configuration

Name             Origin             Length             Attributes
text             0x00000000         0x00020000         xr
data             0x00800060         0x0000ffa0         rw !x
eeprom           0x00810000         0x00010000         rw !x
fuse             0x00820000         0x00000400         rw !x
lock             0x00830000         0x00000400         rw !x
signature        0x00840000         0x00000400         rw !x
*default*        0x00000000         0xffffffff

Linker script and memory map

Address of section .data set to 0x800100
LOAD c:/winavr-20090313/bin/../lib/gcc/avr/4.3.2/../../../../avr/lib/avr5/crtm328p.o
LOAD V1_Wii.o
LOAD wiimote.o
LOAD c:/winavr-20090313/bin/../lib/gcc/avr/4.3.2/avr5\libgcc.a
LOAD c:/winavr-20090313/bin/../lib/gcc/avr/4.3.2/../../../../avr/lib/avr5\libc.a
LOAD c:/winavr-20090313/bin/../lib/gcc/avr/4.3.2/avr5\libgcc.a

.hash
 *(.hash)

.dynsym
 *(.dynsym)

.dynstr
 *(.dynstr)

.gnu.version
 *(.gnu.version)

.gnu.version_d
 *(.gnu.version_d)

.gnu.version_r
 *(.gnu.version_r)

.rel.init
 *(.rel.init)

.rela.init
 *(.rela.init)

.rel.text
 *(.rel.text)
 *(.rel.text.*)
 *(.rel.gnu.linkonce.t*)

.rela.text
 *(.rela.text)
 *(.rela.text.*)
 *(.rela.gnu.linkonce.t*)

.rel.fini
 *(.rel.fini)

.rela.fini
 *(.rela.fini)

.rel.rodata
 *(.rel.rodata)
 *(.rel.rodata.*)
 *(.rel.gnu.linkonce.r*)

.rela.rodata
 *(.rela.rodata)
 *(.rela.rodata.*)
 *(.rela.gnu.linkonce.r*)

.rel.data
 *(.rel.data)
 *(.rel.data.*)
 *(.rel.gnu.linkonce.d*)

.rela.data
 *(.rela.data)
 *(.rela.data.*)
 *(.rela.gnu.linkonce.d*)

.rel.ctors
 *(.rel.ctors)

.rela.ctors
 *(.rela.ctors)

.rel.dtors
 *(.rel.dtors)

.rela.dtors
 *(.rela.dtors)

.rel.got
 *(.rel.got)

.rela.got
 *(.rela.got)

.rel.bss
 *(.rel.bss)

.rela.bss
 *(.rela.bss)

.rel.plt
 *(.rel.plt)

.rela.plt
 *(.rela.plt)

.text           0x00000000     0x1f7a
 *(.vectors)
 .vectors       0x00000000       0x68 c:/winavr-20090313/bin/../lib/gcc/avr/4.3.2/../../../../avr/lib/avr5/crtm328p.o
                0x00000000                __vectors
                0x00000000                __vector_default
 *(.vectors)
 *(.progmem.gcc*)
 *(.progmem*)
 .progmem.data  0x00000068      0xa2a wiimote.o
                0x00000068                ans_tbl
                0x00000092                sboxes
                0x00000a92                . = ALIGN (0x2)
                0x00000a92                __trampolines_start = .
 *(.trampolines)
 .trampolines   0x00000a92        0x0 linker stubs
 *(.trampolines*)
                0x00000a92                __trampolines_end = .
 *(.jumptables)
 *(.jumptables*)
 *(.lowtext)
 *(.lowtext*)
                0x00000a92                __ctors_start = .
 *(.ctors)
                0x00000a92                __ctors_end = .
                0x00000a92                __dtors_start = .
 *(.dtors)
                0x00000a92                __dtors_end = .
 SORT(*)(.ctors)
 SORT(*)(.dtors)
 *(.init0)
 .init0         0x00000a92        0x0 c:/winavr-20090313/bin/../lib/gcc/avr/4.3.2/../../../../avr/lib/avr5/crtm328p.o
                0x00000a92                __init
 *(.init0)
 *(.init1)
 *(.init1)
 *(.init2)
 .init2         0x00000a92        0xc c:/winavr-20090313/bin/../lib/gcc/avr/4.3.2/../../../../avr/lib/avr5/crtm328p.o
 *(.init2)
 *(.init3)
 *(.init3)
 *(.init4)
 .init4         0x00000a9e       0x16 c:/winavr-20090313/bin/../lib/gcc/avr/4.3.2/avr5\libgcc.a(_copy_data.o)
                0x00000a9e                __do_copy_data
 .init4         0x00000ab4       0x10 c:/winavr-20090313/bin/../lib/gcc/avr/4.3.2/avr5\libgcc.a(_clear_bss.o)
                0x00000ab4                __do_clear_bss
 *(.init4)
 *(.init5)
 *(.init5)
 *(.init6)
 *(.init6)
 *(.init7)
 *(.init7)
 *(.init8)
 *(.init8)
 *(.init9)
 .init9         0x00000ac4        0x8 c:/winavr-20090313/bin/../lib/gcc/avr/4.3.2/../../../../avr/lib/avr5/crtm328p.o
 *(.init9)
 *(.text)
 .text          0x00000acc        0x4 c:/winavr-20090313/bin/../lib/gcc/avr/4.3.2/../../../../avr/lib/avr5/crtm328p.o
                0x00000acc                __vector_22
                0x00000acc                __vector_1
                0x00000acc                __vector_12
                0x00000acc                __bad_interrupt
                0x00000acc                __vector_6
                0x00000acc                __vector_3
                0x00000acc                __vector_23
                0x00000acc                __vector_25
                0x00000acc                __vector_11
                0x00000acc                __vector_13
                0x00000acc                __vector_17
                0x00000acc                __vector_19
                0x00000acc                __vector_7
                0x00000acc                __vector_5
                0x00000acc                __vector_4
                0x00000acc                __vector_9
                0x00000acc                __vector_2
                0x00000acc                __vector_21
                0x00000acc                __vector_15
                0x00000acc                __vector_8
                0x00000acc                __vector_14
                0x00000acc                __vector_10
                0x00000acc                __vector_16
                0x00000acc                __vector_18
                0x00000acc                __vector_20
 .text          0x00000ad0      0xc90 V1_Wii.o
                0x00000b28                readFrets
                0x00000be2                main
                0x00000ad2                setTimer
                0x00000ad0                wm_timer_inc
 .text          0x00001760      0x7fc wiimote.o
                0x000017c4                wm_init
                0x0000183c                wm_gentabs
                0x00001d76                __vector_24
                0x00001760                twi_slave_init
                0x000017b2                wm_newaction
                0x00001788                wm_ror8
                0x00001778                twi_clear_int
                0x00001cd0                wm_slaveRx
 .text          0x00001f5c        0x0 c:/winavr-20090313/bin/../lib/gcc/avr/4.3.2/avr5\libgcc.a(_exit.o)
 .text          0x00001f5c        0x0 c:/winavr-20090313/bin/../lib/gcc/avr/4.3.2/avr5\libgcc.a(_copy_data.o)
 .text          0x00001f5c        0x0 c:/winavr-20090313/bin/../lib/gcc/avr/4.3.2/avr5\libgcc.a(_clear_bss.o)
 .text          0x00001f5c       0x1a c:/winavr-20090313/bin/../lib/gcc/avr/4.3.2/../../../../avr/lib/avr5\libc.a(memcmp.o)
                0x00001f5c                memcmp
                0x00001f76                . = ALIGN (0x2)
 *(.text.*)
 .text.libgcc   0x00001f76        0x0 c:/winavr-20090313/bin/../lib/gcc/avr/4.3.2/avr5\libgcc.a(_exit.o)
 .text.libgcc   0x00001f76        0x0 c:/winavr-20090313/bin/../lib/gcc/avr/4.3.2/avr5\libgcc.a(_copy_data.o)
 .text.libgcc   0x00001f76        0x0 c:/winavr-20090313/bin/../lib/gcc/avr/4.3.2/avr5\libgcc.a(_clear_bss.o)
                0x00001f76                . = ALIGN (0x2)
 *(.fini9)
 .fini9         0x00001f76        0x0 c:/winavr-20090313/bin/../lib/gcc/avr/4.3.2/avr5\libgcc.a(_exit.o)
                0x00001f76                exit
                0x00001f76                _exit
 *(.fini9)
 *(.fini8)
 *(.fini8)
 *(.fini7)
 *(.fini7)
 *(.fini6)
 *(.fini6)
 *(.fini5)
 *(.fini5)
 *(.fini4)
 *(.fini4)
 *(.fini3)
 *(.fini3)
 *(.fini2)
 *(.fini2)
 *(.fini1)
 *(.fini1)
 *(.fini0)
 .fini0         0x00001f76        0x4 c:/winavr-20090313/bin/../lib/gcc/avr/4.3.2/avr5\libgcc.a(_exit.o)
 *(.fini0)
                0x00001f7a                _etext = .

.data           0x00800100       0x26 load address 0x00001f7a
                0x00800100                PROVIDE (__data_start, .)
 *(.data)
 .data          0x00800100        0x0 c:/winavr-20090313/bin/../lib/gcc/avr/4.3.2/../../../../avr/lib/avr5/crtm328p.o
 .data          0x00800100       0x26 V1_Wii.o
                0x00800106                cal_data
                0x00800100                guitar_id
 .data          0x00800126        0x0 wiimote.o
 .data          0x00800126        0x0 c:/winavr-20090313/bin/../lib/gcc/avr/4.3.2/avr5\libgcc.a(_exit.o)
 .data          0x00800126        0x0 c:/winavr-20090313/bin/../lib/gcc/avr/4.3.2/avr5\libgcc.a(_copy_data.o)
 .data          0x00800126        0x0 c:/winavr-20090313/bin/../lib/gcc/avr/4.3.2/avr5\libgcc.a(_clear_bss.o)
 .data          0x00800126        0x0 c:/winavr-20090313/bin/../lib/gcc/avr/4.3.2/../../../../avr/lib/avr5\libc.a(memcmp.o)
 *(.data*)
 *(.rodata)
 *(.rodata*)
 *(.gnu.linkonce.d*)
                0x00800126                . = ALIGN (0x2)
                0x00800126                _edata = .
                0x00800126                PROVIDE (__data_end, .)

.bss            0x00800126      0x145
                0x00800126                PROVIDE (__bss_start, .)
 *(.bss)
 .bss           0x00800126        0x0 c:/winavr-20090313/bin/../lib/gcc/avr/4.3.2/../../../../avr/lib/avr5/crtm328p.o
 .bss           0x00800126        0x0 V1_Wii.o
 .bss           0x00800126      0x124 wiimote.o
 .bss           0x0080024a        0x0 c:/winavr-20090313/bin/../lib/gcc/avr/4.3.2/avr5\libgcc.a(_exit.o)
 .bss           0x0080024a        0x0 c:/winavr-20090313/bin/../lib/gcc/avr/4.3.2/avr5\libgcc.a(_copy_data.o)
 .bss           0x0080024a        0x0 c:/winavr-20090313/bin/../lib/gcc/avr/4.3.2/avr5\libgcc.a(_clear_bss.o)
 .bss           0x0080024a        0x0 c:/winavr-20090313/bin/../lib/gcc/avr/4.3.2/../../../../avr/lib/avr5\libc.a(memcmp.o)
 *(.bss*)
 *(COMMON)
 COMMON         0x0080024a       0x21 V1_Wii.o
                0x0080024a                greenTimers
                0x00800256                debounceTimer
                0x00800258                triedGreen
                0x00800264                but_dat
                0x0080026a                previousPlusOn
                0x0080026b                PROVIDE (__bss_end, .)
                0x00001f7a                __data_load_start = LOADADDR (.data)
                0x00001fa0                __data_load_end = (__data_load_start + SIZEOF (.data))

.noinit         0x0080026b        0x0
                0x0080026b                PROVIDE (__noinit_start, .)
 *(.noinit*)
                0x0080026b                PROVIDE (__noinit_end, .)
                0x0080026b                _end = .
                0x0080026b                PROVIDE (__heap_start, .)

.eeprom         0x00810000        0x0
 *(.eeprom*)
                0x00810000                __eeprom_end = .

.fuse
 *(.fuse)
 *(.lfuse)
 *(.hfuse)
 *(.efuse)

.lock
 *(.lock*)

.signature
 *(.signature*)

.stab
 *(.stab)

.stabstr
 *(.stabstr)

.stab.excl
 *(.stab.excl)

.stab.exclstr
 *(.stab.exclstr)

.stab.index
 *(.stab.index)

.stab.indexstr
 *(.stab.indexstr)

.comment
 *(.comment)

.debug
 *(.debug)

.line
 *(.line)

.debug_srcinfo
 *(.debug_srcinfo)

.debug_sfnames
 *(.debug_sfnames)

.debug_aranges  0x00000000       0x40
 *(.debug_aranges)
 .debug_aranges
                0x00000000       0x20 V1_Wii.o
 .debug_aranges
                0x00000020       0x20 wiimote.o

.debug_pubnames
                0x00000000      0x157
 *(.debug_pubnames)
 .debug_pubnames
                0x00000000       0xb2 V1_Wii.o
 .debug_pubnames
                0x000000b2       0xa5 wiimote.o

.debug_info     0x00000000     0x11c5
 *(.debug_info)
 .debug_info    0x00000000      0x6d2 V1_Wii.o
 .debug_info    0x000006d2      0xaf3 wiimote.o
 *(.gnu.linkonce.wi.*)

.debug_abbrev   0x00000000      0x411
 *(.debug_abbrev)
 .debug_abbrev  0x00000000      0x232 V1_Wii.o
 .debug_abbrev  0x00000232      0x1df wiimote.o

.debug_line     0x00000000      0xcd3
 *(.debug_line)
 .debug_line    0x00000000      0x8e0 V1_Wii.o
 .debug_line    0x000008e0      0x3f3 wiimote.o

.debug_frame    0x00000000       0xe0
 *(.debug_frame)
 .debug_frame   0x00000000       0x50 V1_Wii.o
 .debug_frame   0x00000050       0x90 wiimote.o

.debug_str      0x00000000      0x386
 *(.debug_str)
 .debug_str     0x00000000      0x28e V1_Wii.o
                                0x2d1 (size before relaxing)
 .debug_str     0x0000028e       0xf8 wiimote.o
                                0x1d6 (size before relaxing)

.debug_loc      0x00000000      0x5f9
 *(.debug_loc)
 .debug_loc     0x00000000      0x1ca V1_Wii.o
 .debug_loc     0x000001ca      0x42f wiimote.o

.debug_macinfo
 *(.debug_macinfo)
OUTPUT(OpenChord_V1_Wii.elf elf32-avr)
LOAD linker stubs

.debug_ranges   0x00000000       0x90
 .debug_ranges  0x00000000       0x78 V1_Wii.o
 .debug_ranges  0x00000078       0x18 wiimote.o
