Archive member included because of file (symbol)

c:/winavr-20090313/bin/../lib/gcc/avr/4.3.2/avr5\libgcc.a(_exit.o)
                              c:/winavr-20090313/bin/../lib/gcc/avr/4.3.2/../../../../avr/lib/avr5/crtm168.o (exit)
c:/winavr-20090313/bin/../lib/gcc/avr/4.3.2/avr5\libgcc.a(_copy_data.o)
                              usbdrv.o (__do_copy_data)
c:/winavr-20090313/bin/../lib/gcc/avr/4.3.2/avr5\libgcc.a(_clear_bss.o)
                              ps3interface.o (__do_clear_bss)
c:/winavr-20090313/bin/../lib/gcc/avr/4.3.2/../../../../avr/lib/avr5\libc.a(eerd_block.o)
                              main.o (__eerd_block)
c:/winavr-20090313/bin/../lib/gcc/avr/4.3.2/../../../../avr/lib/avr5\libc.a(eewr_block.o)
                              main.o (__eewr_block)
c:/winavr-20090313/bin/../lib/gcc/avr/4.3.2/avr5\libgcc.a(_prologue.o)
                              c:/winavr-20090313/bin/../lib/gcc/avr/4.3.2/../../../../avr/lib/avr5\libc.a(eerd_block.o) (__prologue_saves__)
c:/winavr-20090313/bin/../lib/gcc/avr/4.3.2/avr5\libgcc.a(_epilogue.o)
                              c:/winavr-20090313/bin/../lib/gcc/avr/4.3.2/../../../../avr/lib/avr5\libc.a(eerd_block.o) (__epilogue_restores__)

Allocating common symbols
Common symbol       size              file

usbTxBuf            0xb               usbdrv.o
usbTxStatus1        0xc               usbdrv.o
usbDeviceAddr       0x1               usbdrv.o
usbRxToken          0x1               usbdrv.o
usbInputBufOffset   0x1               usbdrv.o
usbMsgPtr           0x2               usbdrv.o
usbRxLen            0x1               usbdrv.o
usbNewDeviceAddr    0x1               usbdrv.o
usbCurrentTok       0x1               usbdrv.o
usbConfiguration    0x1               usbdrv.o
reportBuffer        0x7               ps3interface.o
usbRxBuf            0x16              usbdrv.o

Memory Configuration

Name             Origin             Length             Attributes
text             0x00000000         0x00020000         xr
data             0x00800060         0x0000ffa0         rw !x
eeprom           0x00810000         0x00010000         rw !x
fuse             0x00820000         0x00000400         rw !x
lock             0x00830000         0x00000400         rw !x
signature        0x00840000         0x00000400         rw !x
*default*        0x00000000         0xffffffff

Linker script and memory map

Address of section .data set to 0x800100
LOAD c:/winavr-20090313/bin/../lib/gcc/avr/4.3.2/../../../../avr/lib/avr5/crtm168.o
LOAD main.o
LOAD ps3interface.o
LOAD usbdrvasm.o
LOAD usbdrv.o
LOAD guitarInitFunctions.o
LOAD processStringState.o
LOAD c:/winavr-20090313/bin/../lib/gcc/avr/4.3.2/avr5\libgcc.a
LOAD c:/winavr-20090313/bin/../lib/gcc/avr/4.3.2/../../../../avr/lib/avr5\libc.a
LOAD c:/winavr-20090313/bin/../lib/gcc/avr/4.3.2/avr5\libgcc.a

.hash
 *(.hash)

.dynsym
 *(.dynsym)

.dynstr
 *(.dynstr)

.gnu.version
 *(.gnu.version)

.gnu.version_d
 *(.gnu.version_d)

.gnu.version_r
 *(.gnu.version_r)

.rel.init
 *(.rel.init)

.rela.init
 *(.rela.init)

.rel.text
 *(.rel.text)
 *(.rel.text.*)
 *(.rel.gnu.linkonce.t*)

.rela.text
 *(.rela.text)
 *(.rela.text.*)
 *(.rela.gnu.linkonce.t*)

.rel.fini
 *(.rel.fini)

.rela.fini
 *(.rela.fini)

.rel.rodata
 *(.rel.rodata)
 *(.rel.rodata.*)
 *(.rel.gnu.linkonce.r*)

.rela.rodata
 *(.rela.rodata)
 *(.rela.rodata.*)
 *(.rela.gnu.linkonce.r*)

.rel.data
 *(.rel.data)
 *(.rel.data.*)
 *(.rel.gnu.linkonce.d*)

.rela.data
 *(.rela.data)
 *(.rela.data.*)
 *(.rela.gnu.linkonce.d*)

.rel.ctors
 *(.rel.ctors)

.rela.ctors
 *(.rela.ctors)

.rel.dtors
 *(.rel.dtors)

.rela.dtors
 *(.rela.dtors)

.rel.got
 *(.rel.got)

.rela.got
 *(.rela.got)

.rel.bss
 *(.rel.bss)

.rela.bss
 *(.rela.bss)

.rel.plt
 *(.rel.plt)

.rela.plt
 *(.rela.plt)

.text           0x00000000     0x1b36
 *(.vectors)
 .vectors       0x00000000       0x68 c:/winavr-20090313/bin/../lib/gcc/avr/4.3.2/../../../../avr/lib/avr5/crtm168.o
                0x00000000                __vectors
                0x00000000                __vector_default
 *(.vectors)
 *(.progmem.gcc*)
 *(.progmem*)
 .progmem.data  0x00000068       0x4a ps3interface.o
                0x00000068                usbDescriptorHidReport
 .progmem.data  0x000000b2       0x68 usbdrv.o
                0x000000e6                usbDescriptorDevice
                0x000000b2                usbDescriptorString0
                0x000000f8                usbDescriptorConfiguration
                0x000000b6                usbDescriptorStringVendor
                0x000000d2                usbDescriptorStringDevice
                0x0000011a                . = ALIGN (0x2)
                0x0000011a                __trampolines_start = .
 *(.trampolines)
 .trampolines   0x0000011a        0x0 linker stubs
 *(.trampolines*)
                0x0000011a                __trampolines_end = .
 *(.jumptables)
 *(.jumptables*)
 *(.lowtext)
 *(.lowtext*)
                0x0000011a                __ctors_start = .
 *(.ctors)
                0x0000011a                __ctors_end = .
                0x0000011a                __dtors_start = .
 *(.dtors)
                0x0000011a                __dtors_end = .
 SORT(*)(.ctors)
 SORT(*)(.dtors)
 *(.init0)
 .init0         0x0000011a        0x0 c:/winavr-20090313/bin/../lib/gcc/avr/4.3.2/../../../../avr/lib/avr5/crtm168.o
                0x0000011a                __init
 *(.init0)
 *(.init1)
 *(.init1)
 *(.init2)
 .init2         0x0000011a        0xc c:/winavr-20090313/bin/../lib/gcc/avr/4.3.2/../../../../avr/lib/avr5/crtm168.o
 *(.init2)
 *(.init3)
 *(.init3)
 *(.init4)
 .init4         0x00000126       0x16 c:/winavr-20090313/bin/../lib/gcc/avr/4.3.2/avr5\libgcc.a(_copy_data.o)
                0x00000126                __do_copy_data
 .init4         0x0000013c       0x10 c:/winavr-20090313/bin/../lib/gcc/avr/4.3.2/avr5\libgcc.a(_clear_bss.o)
                0x0000013c                __do_clear_bss
 *(.init4)
 *(.init5)
 *(.init5)
 *(.init6)
 *(.init6)
 *(.init7)
 *(.init7)
 *(.init8)
 *(.init8)
 *(.init9)
 .init9         0x0000014c        0x8 c:/winavr-20090313/bin/../lib/gcc/avr/4.3.2/../../../../avr/lib/avr5/crtm168.o
 *(.init9)
 *(.text)
 .text          0x00000154        0x4 c:/winavr-20090313/bin/../lib/gcc/avr/4.3.2/../../../../avr/lib/avr5/crtm168.o
                0x00000154                __vector_22
                0x00000154                __vector_1
                0x00000154                __vector_24
                0x00000154                __vector_12
                0x00000154                __bad_interrupt
                0x00000154                __vector_6
                0x00000154                __vector_3
                0x00000154                __vector_23
                0x00000154                __vector_25
                0x00000154                __vector_11
                0x00000154                __vector_13
                0x00000154                __vector_17
                0x00000154                __vector_19
                0x00000154                __vector_7
                0x00000154                __vector_5
                0x00000154                __vector_4
                0x00000154                __vector_9
                0x00000154                __vector_21
                0x00000154                __vector_15
                0x00000154                __vector_8
                0x00000154                __vector_14
                0x00000154                __vector_10
                0x00000154                __vector_16
                0x00000154                __vector_18
                0x00000154                __vector_20
 .text          0x00000158      0x74c main.o
                0x00000182                readFrets
                0x0000023a                main
 .text          0x000008a4      0x180 ps3interface.o
                0x000008a4                usbFunctionSetup
                0x000009ba                startCommunication
                0x000008ea                sendData
 .text          0x00000a24      0x274 usbdrvasm.o
                0x00000a24                usbCrc16
                0x00000a4e                usbCrc16Append
                0x00000a56                __vector_2
 .text          0x00000c98      0x272 usbdrv.o
                0x00000cb2                usbPoll
                0x00000ec6                usbSetInterrupt
                0x00000c98                usbInit
 .text          0x00000f0a       0x90 guitarInitFunctions.o
                0x00000f0a                setPins
                0x00000f44                setTimer
 .text          0x00000f9a      0xaba processStringState.o
                0x0000148e                processNotes
                0x00000f9a                processChords
                0x00001768                configSetButtonData
                0x000015f4                processFrets
                0x0000173c                displayTransitionState
                0x0000170e                processStringState
 .text          0x00001a54        0x0 c:/winavr-20090313/bin/../lib/gcc/avr/4.3.2/avr5\libgcc.a(_exit.o)
 .text          0x00001a54        0x0 c:/winavr-20090313/bin/../lib/gcc/avr/4.3.2/avr5\libgcc.a(_copy_data.o)
 .text          0x00001a54        0x0 c:/winavr-20090313/bin/../lib/gcc/avr/4.3.2/avr5\libgcc.a(_clear_bss.o)
 .text          0x00001a54       0x38 c:/winavr-20090313/bin/../lib/gcc/avr/4.3.2/../../../../avr/lib/avr5\libc.a(eerd_block.o)
                0x00001a54                __eerd_block
 .text          0x00001a8c       0x38 c:/winavr-20090313/bin/../lib/gcc/avr/4.3.2/../../../../avr/lib/avr5\libc.a(eewr_block.o)
                0x00001a8c                __eewr_block
 .text          0x00001ac4        0x0 c:/winavr-20090313/bin/../lib/gcc/avr/4.3.2/avr5\libgcc.a(_prologue.o)
 .text          0x00001ac4        0x0 c:/winavr-20090313/bin/../lib/gcc/avr/4.3.2/avr5\libgcc.a(_epilogue.o)
                0x00001ac4                . = ALIGN (0x2)
 *(.text.*)
 .text.libgcc   0x00001ac4        0x0 c:/winavr-20090313/bin/../lib/gcc/avr/4.3.2/avr5\libgcc.a(_exit.o)
 .text.libgcc   0x00001ac4        0x0 c:/winavr-20090313/bin/../lib/gcc/avr/4.3.2/avr5\libgcc.a(_copy_data.o)
 .text.libgcc   0x00001ac4        0x0 c:/winavr-20090313/bin/../lib/gcc/avr/4.3.2/avr5\libgcc.a(_clear_bss.o)
 .text.libgcc   0x00001ac4       0x38 c:/winavr-20090313/bin/../lib/gcc/avr/4.3.2/avr5\libgcc.a(_prologue.o)
                0x00001ac4                __prologue_saves__
 .text.libgcc   0x00001afc       0x36 c:/winavr-20090313/bin/../lib/gcc/avr/4.3.2/avr5\libgcc.a(_epilogue.o)
                0x00001afc                __epilogue_restores__
                0x00001b32                . = ALIGN (0x2)
 *(.fini9)
 .fini9         0x00001b32        0x0 c:/winavr-20090313/bin/../lib/gcc/avr/4.3.2/avr5\libgcc.a(_exit.o)
                0x00001b32                exit
                0x00001b32                _exit
 *(.fini9)
 *(.fini8)
 *(.fini8)
 *(.fini7)
 *(.fini7)
 *(.fini6)
 *(.fini6)
 *(.fini5)
 *(.fini5)
 *(.fini4)
 *(.fini4)
 *(.fini3)
 *(.fini3)
 *(.fini2)
 *(.fini2)
 *(.fini1)
 *(.fini1)
 *(.fini0)
 .fini0         0x00001b32        0x4 c:/winavr-20090313/bin/../lib/gcc/avr/4.3.2/avr5\libgcc.a(_exit.o)
 *(.fini0)
                0x00001b36                _etext = .

.data           0x00800100        0x2 load address 0x00001b36
                0x00800100                PROVIDE (__data_start, .)
 *(.data)
 .data          0x00800100        0x0 c:/winavr-20090313/bin/../lib/gcc/avr/4.3.2/../../../../avr/lib/avr5/crtm168.o
 .data          0x00800100        0x0 main.o
 .data          0x00800100        0x0 ps3interface.o
 .data          0x00800100        0x0 usbdrvasm.o
 .data          0x00800100        0x2 usbdrv.o
                0x00800100                usbTxLen
 .data          0x00800102        0x0 guitarInitFunctions.o
 .data          0x00800102        0x0 processStringState.o
 .data          0x00800102        0x0 c:/winavr-20090313/bin/../lib/gcc/avr/4.3.2/avr5\libgcc.a(_exit.o)
 .data          0x00800102        0x0 c:/winavr-20090313/bin/../lib/gcc/avr/4.3.2/avr5\libgcc.a(_copy_data.o)
 .data          0x00800102        0x0 c:/winavr-20090313/bin/../lib/gcc/avr/4.3.2/avr5\libgcc.a(_clear_bss.o)
 .data          0x00800102        0x0 c:/winavr-20090313/bin/../lib/gcc/avr/4.3.2/../../../../avr/lib/avr5\libc.a(eerd_block.o)
 .data          0x00800102        0x0 c:/winavr-20090313/bin/../lib/gcc/avr/4.3.2/../../../../avr/lib/avr5\libc.a(eewr_block.o)
 .data          0x00800102        0x0 c:/winavr-20090313/bin/../lib/gcc/avr/4.3.2/avr5\libgcc.a(_prologue.o)
 .data          0x00800102        0x0 c:/winavr-20090313/bin/../lib/gcc/avr/4.3.2/avr5\libgcc.a(_epilogue.o)
 *(.data*)
 *(.rodata)
 *(.rodata*)
 *(.gnu.linkonce.d*)
                0x00800102                . = ALIGN (0x2)
                0x00800102                _edata = .
                0x00800102                PROVIDE (__data_end, .)

.bss            0x00800102       0x3f
                0x00800102                PROVIDE (__bss_start, .)
 *(.bss)
 .bss           0x00800102        0x0 c:/winavr-20090313/bin/../lib/gcc/avr/4.3.2/../../../../avr/lib/avr5/crtm168.o
 .bss           0x00800102        0x0 main.o
 .bss           0x00800102        0x1 ps3interface.o
 .bss           0x00800103        0x0 usbdrvasm.o
 .bss           0x00800103        0x1 usbdrv.o
 .bss           0x00800104        0x0 guitarInitFunctions.o
 .bss           0x00800104        0x0 processStringState.o
 .bss           0x00800104        0x0 c:/winavr-20090313/bin/../lib/gcc/avr/4.3.2/avr5\libgcc.a(_exit.o)
 .bss           0x00800104        0x0 c:/winavr-20090313/bin/../lib/gcc/avr/4.3.2/avr5\libgcc.a(_copy_data.o)
 .bss           0x00800104        0x0 c:/winavr-20090313/bin/../lib/gcc/avr/4.3.2/avr5\libgcc.a(_clear_bss.o)
 .bss           0x00800104        0x0 c:/winavr-20090313/bin/../lib/gcc/avr/4.3.2/../../../../avr/lib/avr5\libc.a(eerd_block.o)
 .bss           0x00800104        0x0 c:/winavr-20090313/bin/../lib/gcc/avr/4.3.2/../../../../avr/lib/avr5\libc.a(eewr_block.o)
 .bss           0x00800104        0x0 c:/winavr-20090313/bin/../lib/gcc/avr/4.3.2/avr5\libgcc.a(_prologue.o)
 .bss           0x00800104        0x0 c:/winavr-20090313/bin/../lib/gcc/avr/4.3.2/avr5\libgcc.a(_epilogue.o)
 *(.bss*)
 *(COMMON)
 COMMON         0x00800104        0x7 ps3interface.o
                0x00800104                reportBuffer
 COMMON         0x0080010b       0x36 usbdrv.o
                0x0080010b                usbTxBuf
                0x00800116                usbTxStatus1
                0x00800122                usbDeviceAddr
                0x00800123                usbRxToken
                0x00800124                usbInputBufOffset
                0x00800125                usbMsgPtr
                0x00800127                usbRxLen
                0x00800128                usbNewDeviceAddr
                0x00800129                usbCurrentTok
                0x0080012a                usbConfiguration
                0x0080012b                usbRxBuf
                0x00800141                PROVIDE (__bss_end, .)
                0x00001b36                __data_load_start = LOADADDR (.data)
                0x00001b38                __data_load_end = (__data_load_start + SIZEOF (.data))

.noinit         0x00800141        0x0
                0x00800141                PROVIDE (__noinit_start, .)
 *(.noinit*)
                0x00800141                PROVIDE (__noinit_end, .)
                0x00800141                _end = .
                0x00800141                PROVIDE (__heap_start, .)

.eeprom         0x00810000      0x168
 *(.eeprom*)
 .eeprom        0x00810000      0x168 main.o
                0x00810000                notesModeButtonPatterns
                0x00810078                chordModeButtonPatterns
                0x00810168                __eeprom_end = .

.fuse
 *(.fuse)
 *(.lfuse)
 *(.hfuse)
 *(.efuse)

.lock
 *(.lock*)

.signature
 *(.signature*)

.stab
 *(.stab)

.stabstr
 *(.stabstr)

.stab.excl
 *(.stab.excl)

.stab.exclstr
 *(.stab.exclstr)

.stab.index
 *(.stab.index)

.stab.indexstr
 *(.stab.indexstr)

.comment
 *(.comment)

.debug
 *(.debug)

.line
 *(.line)

.debug_srcinfo
 *(.debug_srcinfo)

.debug_sfnames
 *(.debug_sfnames)

.debug_aranges  0x00000000       0xa0
 *(.debug_aranges)
 .debug_aranges
                0x00000000       0x20 main.o
 .debug_aranges
                0x00000020       0x20 ps3interface.o
 .debug_aranges
                0x00000040       0x20 usbdrv.o
 .debug_aranges
                0x00000060       0x20 guitarInitFunctions.o
 .debug_aranges
                0x00000080       0x20 processStringState.o

.debug_pubnames
                0x00000000      0x323
 *(.debug_pubnames)
 .debug_pubnames
                0x00000000       0x61 main.o
 .debug_pubnames
                0x00000061       0x77 ps3interface.o
 .debug_pubnames
                0x000000d8      0x190 usbdrv.o
 .debug_pubnames
                0x00000268       0x2b guitarInitFunctions.o
 .debug_pubnames
                0x00000293       0x90 processStringState.o

.debug_info     0x00000000     0x1923
 *(.debug_info)
 .debug_info    0x00000000      0x7dc main.o
 .debug_info    0x000007dc      0x3b7 ps3interface.o
 .debug_info    0x00000b93      0x8b7 usbdrv.o
 .debug_info    0x0000144a       0x93 guitarInitFunctions.o
 .debug_info    0x000014dd      0x446 processStringState.o
 *(.gnu.linkonce.wi.*)

.debug_abbrev   0x00000000      0x8bf
 *(.debug_abbrev)
 .debug_abbrev  0x00000000      0x27f main.o
 .debug_abbrev  0x0000027f      0x1f0 ps3interface.o
 .debug_abbrev  0x0000046f      0x2c1 usbdrv.o
 .debug_abbrev  0x00000730       0x48 guitarInitFunctions.o
 .debug_abbrev  0x00000778      0x147 processStringState.o

.debug_line     0x00000000     0x1580
 *(.debug_line)
 .debug_line    0x00000000      0x7a9 main.o
 .debug_line    0x000007a9      0x2de ps3interface.o
 .debug_line    0x00000a87      0x373 usbdrv.o
 .debug_line    0x00000dfa      0x1bd guitarInitFunctions.o
 .debug_line    0x00000fb7      0x5c9 processStringState.o

.debug_frame    0x00000000      0x170
 *(.debug_frame)
 .debug_frame   0x00000000       0x50 main.o
 .debug_frame   0x00000050       0x40 ps3interface.o
 .debug_frame   0x00000090       0x40 usbdrv.o
 .debug_frame   0x000000d0       0x30 guitarInitFunctions.o
 .debug_frame   0x00000100       0x70 processStringState.o

.debug_str      0x00000000      0x7ca
 *(.debug_str)
 .debug_str     0x00000000      0x31d main.o
                                0x356 (size before relaxing)
 .debug_str     0x0000031d      0x144 ps3interface.o
                                0x258 (size before relaxing)
 .debug_str     0x00000461      0x280 usbdrv.o
                                0x408 (size before relaxing)
 .debug_str     0x000006e1       0x2a guitarInitFunctions.o
                                 0xdc (size before relaxing)
 .debug_str     0x0000070b       0xbf processStringState.o
                                0x253 (size before relaxing)

.debug_loc      0x00000000      0xa72
 *(.debug_loc)
 .debug_loc     0x00000000      0x142 main.o
 .debug_loc     0x00000142       0x68 ps3interface.o
 .debug_loc     0x000001aa      0x2fe usbdrv.o
 .debug_loc     0x000004a8      0x5ca processStringState.o

.debug_macinfo
 *(.debug_macinfo)
OUTPUT(V1_USB.elf elf32-avr)
LOAD linker stubs

.debug_ranges   0x00000000      0x100
 .debug_ranges  0x00000000       0x48 main.o
 .debug_ranges  0x00000048       0x48 ps3interface.o
 .debug_ranges  0x00000090       0x58 usbdrv.o
 .debug_ranges  0x000000e8       0x18 processStringState.o
