Archive member included because of file (symbol)

c:/winavr-20090313/bin/../lib/gcc/avr/4.3.2/avr5\libgcc.a(_exit.o)
                              c:/winavr-20090313/bin/../lib/gcc/avr/4.3.2/../../../../avr/lib/avr5/crtm168.o (exit)
c:/winavr-20090313/bin/../lib/gcc/avr/4.3.2/avr5\libgcc.a(_copy_data.o)
                              usbdrv.o (__do_copy_data)
c:/winavr-20090313/bin/../lib/gcc/avr/4.3.2/avr5\libgcc.a(_clear_bss.o)
                              ps3Interface.o (__do_clear_bss)
c:/winavr-20090313/bin/../lib/gcc/avr/4.3.2/../../../../avr/lib/avr5\libc.a(memcmp.o)
                              wiimote.o (memcmp)
c:/winavr-20090313/bin/../lib/gcc/avr/4.3.2/../../../../avr/lib/avr5\libc.a(eerd_block.o)
                              main.o (__eerd_block)
c:/winavr-20090313/bin/../lib/gcc/avr/4.3.2/../../../../avr/lib/avr5\libc.a(eewr_block.o)
                              main.o (__eewr_block)
c:/winavr-20090313/bin/../lib/gcc/avr/4.3.2/avr5\libgcc.a(_prologue.o)
                              c:/winavr-20090313/bin/../lib/gcc/avr/4.3.2/../../../../avr/lib/avr5\libc.a(eerd_block.o) (__prologue_saves__)
c:/winavr-20090313/bin/../lib/gcc/avr/4.3.2/avr5\libgcc.a(_epilogue.o)
                              c:/winavr-20090313/bin/../lib/gcc/avr/4.3.2/../../../../avr/lib/avr5\libc.a(eerd_block.o) (__epilogue_restores__)

Allocating common symbols
Common symbol       size              file

usbTxBuf            0xb               usbdrv.o
usbTxStatus1        0xc               usbdrv.o
usbDeviceAddr       0x1               usbdrv.o
usbRxToken          0x1               usbdrv.o
usbInputBufOffset   0x1               usbdrv.o
but_dat             0x6               wiiInterface.o
usbMsgPtr           0x2               usbdrv.o
usbRxLen            0x1               usbdrv.o
usbNewDeviceAddr    0x1               usbdrv.o
usbCurrentTok       0x1               usbdrv.o
usbConfiguration    0x1               usbdrv.o
reportBuffer        0x7               ps3Interface.o
usbRxBuf            0x16              usbdrv.o
usbTxStatus3        0xc               usbdrv.o

Memory Configuration

Name             Origin             Length             Attributes
text             0x00000000         0x00020000         xr
data             0x00800060         0x0000ffa0         rw !x
eeprom           0x00810000         0x00010000         rw !x
fuse             0x00820000         0x00000400         rw !x
lock             0x00830000         0x00000400         rw !x
signature        0x00840000         0x00000400         rw !x
*default*        0x00000000         0xffffffff

Linker script and memory map

Address of section .data set to 0x800100
LOAD c:/winavr-20090313/bin/../lib/gcc/avr/4.3.2/../../../../avr/lib/avr5/crtm168.o
LOAD processStringState.o
LOAD guitarInitFunctions.o
LOAD main.o
LOAD ps3Interface.o
LOAD usbdrvasm.o
LOAD usbdrv.o
LOAD wiimote.o
LOAD wiiInterface.o
LOAD c:/winavr-20090313/bin/../lib/gcc/avr/4.3.2/avr5\libgcc.a
LOAD c:/winavr-20090313/bin/../lib/gcc/avr/4.3.2/../../../../avr/lib/avr5\libc.a
LOAD c:/winavr-20090313/bin/../lib/gcc/avr/4.3.2/avr5\libgcc.a

.hash
 *(.hash)

.dynsym
 *(.dynsym)

.dynstr
 *(.dynstr)

.gnu.version
 *(.gnu.version)

.gnu.version_d
 *(.gnu.version_d)

.gnu.version_r
 *(.gnu.version_r)

.rel.init
 *(.rel.init)

.rela.init
 *(.rela.init)

.rel.text
 *(.rel.text)
 *(.rel.text.*)
 *(.rel.gnu.linkonce.t*)

.rela.text
 *(.rela.text)
 *(.rela.text.*)
 *(.rela.gnu.linkonce.t*)

.rel.fini
 *(.rel.fini)

.rela.fini
 *(.rela.fini)

.rel.rodata
 *(.rel.rodata)
 *(.rel.rodata.*)
 *(.rel.gnu.linkonce.r*)

.rela.rodata
 *(.rela.rodata)
 *(.rela.rodata.*)
 *(.rela.gnu.linkonce.r*)

.rel.data
 *(.rel.data)
 *(.rel.data.*)
 *(.rel.gnu.linkonce.d*)

.rela.data
 *(.rela.data)
 *(.rela.data.*)
 *(.rela.gnu.linkonce.d*)

.rel.ctors
 *(.rel.ctors)

.rela.ctors
 *(.rela.ctors)

.rel.dtors
 *(.rel.dtors)

.rela.dtors
 *(.rela.dtors)

.rel.got
 *(.rel.got)

.rela.got
 *(.rela.got)

.rel.bss
 *(.rel.bss)

.rela.bss
 *(.rela.bss)

.rel.plt
 *(.rel.plt)

.rela.plt
 *(.rela.plt)

.text           0x00000000     0x31c4
 *(.vectors)
 .vectors       0x00000000       0x68 c:/winavr-20090313/bin/../lib/gcc/avr/4.3.2/../../../../avr/lib/avr5/crtm168.o
                0x00000000                __vectors
                0x00000000                __vector_default
 *(.vectors)
 *(.progmem.gcc*)
 *(.progmem*)
 .progmem.data  0x00000068       0x4a ps3Interface.o
                0x00000068                usbDescriptorHidReport
 .progmem.data  0x000000b2       0x6f usbdrv.o
                0x000000e6                usbDescriptorDevice
                0x000000b2                usbDescriptorString0
                0x000000f8                usbDescriptorConfiguration
                0x000000b6                usbDescriptorStringVendor
                0x000000d2                usbDescriptorStringDevice
 .progmem.data  0x00000121      0xa2a wiimote.o
                0x00000121                ans_tbl
                0x0000014b                sboxes
                0x00000b4c                . = ALIGN (0x2)
 *fill*         0x00000b4b        0x1 00
                0x00000b4c                __trampolines_start = .
 *(.trampolines)
 .trampolines   0x00000b4c        0x0 linker stubs
 *(.trampolines*)
                0x00000b4c                __trampolines_end = .
 *(.jumptables)
 *(.jumptables*)
 *(.lowtext)
 *(.lowtext*)
                0x00000b4c                __ctors_start = .
 *(.ctors)
                0x00000b4c                __ctors_end = .
                0x00000b4c                __dtors_start = .
 *(.dtors)
                0x00000b4c                __dtors_end = .
 SORT(*)(.ctors)
 SORT(*)(.dtors)
 *(.init0)
 .init0         0x00000b4c        0x0 c:/winavr-20090313/bin/../lib/gcc/avr/4.3.2/../../../../avr/lib/avr5/crtm168.o
                0x00000b4c                __init
 *(.init0)
 *(.init1)
 *(.init1)
 *(.init2)
 .init2         0x00000b4c        0xc c:/winavr-20090313/bin/../lib/gcc/avr/4.3.2/../../../../avr/lib/avr5/crtm168.o
 *(.init2)
 *(.init3)
 *(.init3)
 *(.init4)
 .init4         0x00000b58       0x16 c:/winavr-20090313/bin/../lib/gcc/avr/4.3.2/avr5\libgcc.a(_copy_data.o)
                0x00000b58                __do_copy_data
 .init4         0x00000b6e       0x10 c:/winavr-20090313/bin/../lib/gcc/avr/4.3.2/avr5\libgcc.a(_clear_bss.o)
                0x00000b6e                __do_clear_bss
 *(.init4)
 *(.init5)
 *(.init5)
 *(.init6)
 *(.init6)
 *(.init7)
 *(.init7)
 *(.init8)
 *(.init8)
 *(.init9)
 .init9         0x00000b7e        0x8 c:/winavr-20090313/bin/../lib/gcc/avr/4.3.2/../../../../avr/lib/avr5/crtm168.o
 *(.init9)
 *(.text)
 .text          0x00000b86        0x4 c:/winavr-20090313/bin/../lib/gcc/avr/4.3.2/../../../../avr/lib/avr5/crtm168.o
                0x00000b86                __vector_22
                0x00000b86                __vector_1
                0x00000b86                __vector_12
                0x00000b86                __bad_interrupt
                0x00000b86                __vector_6
                0x00000b86                __vector_3
                0x00000b86                __vector_23
                0x00000b86                __vector_25
                0x00000b86                __vector_11
                0x00000b86                __vector_13
                0x00000b86                __vector_17
                0x00000b86                __vector_19
                0x00000b86                __vector_7
                0x00000b86                __vector_5
                0x00000b86                __vector_4
                0x00000b86                __vector_9
                0x00000b86                __vector_21
                0x00000b86                __vector_15
                0x00000b86                __vector_8
                0x00000b86                __vector_14
                0x00000b86                __vector_10
                0x00000b86                __vector_16
                0x00000b86                __vector_18
                0x00000b86                __vector_20
 .text          0x00000b8a      0xba6 processStringState.o
                0x000010e4                processNotes
                0x00000b8a                processChords
                0x00001444                configSetButtonData
                0x00001268                processFrets
                0x00001418                displayTransitionState
                0x000013ea                processStringState
 .text          0x00001730       0x90 guitarInitFunctions.o
                0x00001730                setPins
                0x0000176a                setTimer
 .text          0x000017c0      0x924 main.o
                0x000017ea                readFrets
                0x000018a0                main
 .text          0x000020e4      0x184 ps3Interface.o
                0x000020e4                usbFunctionSetup
                0x0000214a                sendPS3Data
                0x0000222e                startPS3Communication
 .text          0x00002268      0x2bc usbdrvasm.o
                0x00002268                usbCrc16
                0x00002292                usbCrc16Append
                0x0000229a                __vector_2
 .text          0x00002524      0x2c2 usbdrv.o
                0x00002546                usbPoll
                0x0000275e                usbSetInterrupt3
                0x000027a2                usbSetInterrupt
                0x00002524                usbInit
 .text          0x000027e6      0x7fc wiimote.o
                0x0000284a                wm_init
                0x000028c2                wm_gentabs
                0x00002dfc                __vector_24
                0x000027e6                twi_slave_init
                0x00002838                wm_newaction
                0x0000280e                wm_ror8
                0x000027fe                twi_clear_int
                0x00002d56                wm_slaveRx
 .text          0x00002fe2       0xe6 wiiInterface.o
                0x00002fe4                sendWiiData
                0x00003094                startWiiCommunication
                0x00002fe2                wm_timer_inc
 .text          0x000030c8        0x0 c:/winavr-20090313/bin/../lib/gcc/avr/4.3.2/avr5\libgcc.a(_exit.o)
 .text          0x000030c8        0x0 c:/winavr-20090313/bin/../lib/gcc/avr/4.3.2/avr5\libgcc.a(_copy_data.o)
 .text          0x000030c8        0x0 c:/winavr-20090313/bin/../lib/gcc/avr/4.3.2/avr5\libgcc.a(_clear_bss.o)
 .text          0x000030c8       0x1a c:/winavr-20090313/bin/../lib/gcc/avr/4.3.2/../../../../avr/lib/avr5\libc.a(memcmp.o)
                0x000030c8                memcmp
 .text          0x000030e2       0x38 c:/winavr-20090313/bin/../lib/gcc/avr/4.3.2/../../../../avr/lib/avr5\libc.a(eerd_block.o)
                0x000030e2                __eerd_block
 .text          0x0000311a       0x38 c:/winavr-20090313/bin/../lib/gcc/avr/4.3.2/../../../../avr/lib/avr5\libc.a(eewr_block.o)
                0x0000311a                __eewr_block
 .text          0x00003152        0x0 c:/winavr-20090313/bin/../lib/gcc/avr/4.3.2/avr5\libgcc.a(_prologue.o)
 .text          0x00003152        0x0 c:/winavr-20090313/bin/../lib/gcc/avr/4.3.2/avr5\libgcc.a(_epilogue.o)
                0x00003152                . = ALIGN (0x2)
 *(.text.*)
 .text.libgcc   0x00003152        0x0 c:/winavr-20090313/bin/../lib/gcc/avr/4.3.2/avr5\libgcc.a(_exit.o)
 .text.libgcc   0x00003152        0x0 c:/winavr-20090313/bin/../lib/gcc/avr/4.3.2/avr5\libgcc.a(_copy_data.o)
 .text.libgcc   0x00003152        0x0 c:/winavr-20090313/bin/../lib/gcc/avr/4.3.2/avr5\libgcc.a(_clear_bss.o)
 .text.libgcc   0x00003152       0x38 c:/winavr-20090313/bin/../lib/gcc/avr/4.3.2/avr5\libgcc.a(_prologue.o)
                0x00003152                __prologue_saves__
 .text.libgcc   0x0000318a       0x36 c:/winavr-20090313/bin/../lib/gcc/avr/4.3.2/avr5\libgcc.a(_epilogue.o)
                0x0000318a                __epilogue_restores__
                0x000031c0                . = ALIGN (0x2)
 *(.fini9)
 .fini9         0x000031c0        0x0 c:/winavr-20090313/bin/../lib/gcc/avr/4.3.2/avr5\libgcc.a(_exit.o)
                0x000031c0                exit
                0x000031c0                _exit
 *(.fini9)
 *(.fini8)
 *(.fini8)
 *(.fini7)
 *(.fini7)
 *(.fini6)
 *(.fini6)
 *(.fini5)
 *(.fini5)
 *(.fini4)
 *(.fini4)
 *(.fini3)
 *(.fini3)
 *(.fini2)
 *(.fini2)
 *(.fini1)
 *(.fini1)
 *(.fini0)
 .fini0         0x000031c0        0x4 c:/winavr-20090313/bin/../lib/gcc/avr/4.3.2/avr5\libgcc.a(_exit.o)
 *(.fini0)
                0x000031c4                _etext = .

.data           0x00800100       0x28 load address 0x000031c4
                0x00800100                PROVIDE (__data_start, .)
 *(.data)
 .data          0x00800100        0x0 c:/winavr-20090313/bin/../lib/gcc/avr/4.3.2/../../../../avr/lib/avr5/crtm168.o
 .data          0x00800100        0x0 processStringState.o
 .data          0x00800100        0x0 guitarInitFunctions.o
 .data          0x00800100        0x0 main.o
 .data          0x00800100        0x0 ps3Interface.o
 .data          0x00800100        0x0 usbdrvasm.o
 .data          0x00800100        0x2 usbdrv.o
                0x00800100                usbTxLen
 .data          0x00800102        0x0 wiimote.o
 .data          0x00800102       0x26 wiiInterface.o
                0x00800108                cal_data
                0x00800102                guitar_id
 .data          0x00800128        0x0 c:/winavr-20090313/bin/../lib/gcc/avr/4.3.2/avr5\libgcc.a(_exit.o)
 .data          0x00800128        0x0 c:/winavr-20090313/bin/../lib/gcc/avr/4.3.2/avr5\libgcc.a(_copy_data.o)
 .data          0x00800128        0x0 c:/winavr-20090313/bin/../lib/gcc/avr/4.3.2/avr5\libgcc.a(_clear_bss.o)
 .data          0x00800128        0x0 c:/winavr-20090313/bin/../lib/gcc/avr/4.3.2/../../../../avr/lib/avr5\libc.a(memcmp.o)
 .data          0x00800128        0x0 c:/winavr-20090313/bin/../lib/gcc/avr/4.3.2/../../../../avr/lib/avr5\libc.a(eerd_block.o)
 .data          0x00800128        0x0 c:/winavr-20090313/bin/../lib/gcc/avr/4.3.2/../../../../avr/lib/avr5\libc.a(eewr_block.o)
 .data          0x00800128        0x0 c:/winavr-20090313/bin/../lib/gcc/avr/4.3.2/avr5\libgcc.a(_prologue.o)
 .data          0x00800128        0x0 c:/winavr-20090313/bin/../lib/gcc/avr/4.3.2/avr5\libgcc.a(_epilogue.o)
 *(.data*)
 *(.rodata)
 *(.rodata*)
 *(.gnu.linkonce.d*)
                0x00800128                . = ALIGN (0x2)
                0x00800128                _edata = .
                0x00800128                PROVIDE (__data_end, .)

.bss            0x00800128      0x175
                0x00800128                PROVIDE (__bss_start, .)
 *(.bss)
 .bss           0x00800128        0x0 c:/winavr-20090313/bin/../lib/gcc/avr/4.3.2/../../../../avr/lib/avr5/crtm168.o
 .bss           0x00800128        0x0 processStringState.o
 .bss           0x00800128        0x0 guitarInitFunctions.o
 .bss           0x00800128        0x0 main.o
 .bss           0x00800128        0x1 ps3Interface.o
 .bss           0x00800129        0x0 usbdrvasm.o
 .bss           0x00800129        0x1 usbdrv.o
 .bss           0x0080012a      0x124 wiimote.o
 .bss           0x0080024e        0x0 wiiInterface.o
 .bss           0x0080024e        0x0 c:/winavr-20090313/bin/../lib/gcc/avr/4.3.2/avr5\libgcc.a(_exit.o)
 .bss           0x0080024e        0x0 c:/winavr-20090313/bin/../lib/gcc/avr/4.3.2/avr5\libgcc.a(_copy_data.o)
 .bss           0x0080024e        0x0 c:/winavr-20090313/bin/../lib/gcc/avr/4.3.2/avr5\libgcc.a(_clear_bss.o)
 .bss           0x0080024e        0x0 c:/winavr-20090313/bin/../lib/gcc/avr/4.3.2/../../../../avr/lib/avr5\libc.a(memcmp.o)
 .bss           0x0080024e        0x0 c:/winavr-20090313/bin/../lib/gcc/avr/4.3.2/../../../../avr/lib/avr5\libc.a(eerd_block.o)
 .bss           0x0080024e        0x0 c:/winavr-20090313/bin/../lib/gcc/avr/4.3.2/../../../../avr/lib/avr5\libc.a(eewr_block.o)
 .bss           0x0080024e        0x0 c:/winavr-20090313/bin/../lib/gcc/avr/4.3.2/avr5\libgcc.a(_prologue.o)
 .bss           0x0080024e        0x0 c:/winavr-20090313/bin/../lib/gcc/avr/4.3.2/avr5\libgcc.a(_epilogue.o)
 *(.bss*)
 *(COMMON)
 COMMON         0x0080024e        0x7 ps3Interface.o
                0x0080024e                reportBuffer
 COMMON         0x00800255       0x42 usbdrv.o
                0x00800255                usbTxBuf
                0x00800260                usbTxStatus1
                0x0080026c                usbDeviceAddr
                0x0080026d                usbRxToken
                0x0080026e                usbInputBufOffset
                0x0080026f                usbMsgPtr
                0x00800271                usbRxLen
                0x00800272                usbNewDeviceAddr
                0x00800273                usbCurrentTok
                0x00800274                usbConfiguration
                0x00800275                usbRxBuf
                0x0080028b                usbTxStatus3
 COMMON         0x00800297        0x6 wiiInterface.o
                0x00800297                but_dat
                0x0080029d                PROVIDE (__bss_end, .)
                0x000031c4                __data_load_start = LOADADDR (.data)
                0x000031ec                __data_load_end = (__data_load_start + SIZEOF (.data))

.noinit         0x0080029d        0x0
                0x0080029d                PROVIDE (__noinit_start, .)
 *(.noinit*)
                0x0080029d                PROVIDE (__noinit_end, .)
                0x0080029d                _end = .
                0x0080029d                PROVIDE (__heap_start, .)

.eeprom         0x00810000      0x168
 *(.eeprom*)
 .eeprom        0x00810000      0x168 main.o
                0x00810000                notesModeButtonPatterns
                0x00810078                chordModeButtonPatterns
                0x00810168                __eeprom_end = .

.fuse
 *(.fuse)
 *(.lfuse)
 *(.hfuse)
 *(.efuse)

.lock
 *(.lock*)

.signature
 *(.signature*)

.stab
 *(.stab)

.stabstr
 *(.stabstr)

.stab.excl
 *(.stab.excl)

.stab.exclstr
 *(.stab.exclstr)

.stab.index
 *(.stab.index)

.stab.indexstr
 *(.stab.indexstr)

.comment
 *(.comment)

.debug
 *(.debug)

.line
 *(.line)

.debug_srcinfo
 *(.debug_srcinfo)

.debug_sfnames
 *(.debug_sfnames)

.debug_aranges  0x00000000       0xe0
 *(.debug_aranges)
 .debug_aranges
                0x00000000       0x20 processStringState.o
 .debug_aranges
                0x00000020       0x20 guitarInitFunctions.o
 .debug_aranges
                0x00000040       0x20 main.o
 .debug_aranges
                0x00000060       0x20 ps3Interface.o
 .debug_aranges
                0x00000080       0x20 usbdrv.o
 .debug_aranges
                0x000000a0       0x20 wiimote.o
 .debug_aranges
                0x000000c0       0x20 wiiInterface.o

.debug_pubnames
                0x00000000      0x468
 *(.debug_pubnames)
 .debug_pubnames
                0x00000000       0x90 processStringState.o
 .debug_pubnames
                0x00000090       0x2b guitarInitFunctions.o
 .debug_pubnames
                0x000000bb       0x61 main.o
 .debug_pubnames
                0x0000011c       0x7d ps3Interface.o
 .debug_pubnames
                0x00000199      0x1b6 usbdrv.o
 .debug_pubnames
                0x0000034f       0xa5 wiimote.o
 .debug_pubnames
                0x000003f4       0x74 wiiInterface.o

.debug_info     0x00000000     0x2705
 *(.debug_info)
 .debug_info    0x00000000      0x477 processStringState.o
 .debug_info    0x00000477       0x8d guitarInitFunctions.o
 .debug_info    0x00000504      0x83e main.o
 .debug_info    0x00000d42      0x3bc ps3Interface.o
 .debug_info    0x000010fe      0x937 usbdrv.o
 .debug_info    0x00001a35      0xb05 wiimote.o
 .debug_info    0x0000253a      0x1cb wiiInterface.o
 *(.gnu.linkonce.wi.*)

.debug_abbrev   0x00000000      0xb78
 *(.debug_abbrev)
 .debug_abbrev  0x00000000      0x147 processStringState.o
 .debug_abbrev  0x00000147       0x3f guitarInitFunctions.o
 .debug_abbrev  0x00000186      0x2a4 main.o
 .debug_abbrev  0x0000042a      0x1d8 ps3Interface.o
 .debug_abbrev  0x00000602      0x2c1 usbdrv.o
 .debug_abbrev  0x000008c3      0x1df wiimote.o
 .debug_abbrev  0x00000aa2       0xd6 wiiInterface.o

.debug_line     0x00000000     0x1b90
 *(.debug_line)
 .debug_line    0x00000000      0x639 processStringState.o
 .debug_line    0x00000639      0x1bd guitarInitFunctions.o
 .debug_line    0x000007f6      0x82b main.o
 .debug_line    0x00001021      0x2a2 ps3Interface.o
 .debug_line    0x000012c3      0x3d5 usbdrv.o
 .debug_line    0x00001698      0x3f7 wiimote.o
 .debug_line    0x00001a8f      0x101 wiiInterface.o

.debug_frame    0x00000000      0x250
 *(.debug_frame)
 .debug_frame   0x00000000       0x70 processStringState.o
 .debug_frame   0x00000070       0x30 guitarInitFunctions.o
 .debug_frame   0x000000a0       0x50 main.o
 .debug_frame   0x000000f0       0x40 ps3Interface.o
 .debug_frame   0x00000130       0x50 usbdrv.o
 .debug_frame   0x00000180       0x90 wiimote.o
 .debug_frame   0x00000210       0x40 wiiInterface.o

.debug_str      0x00000000      0x9ac
 *(.debug_str)
 .debug_str     0x00000000      0x260 processStringState.o
                                0x29e (size before relaxing)
 .debug_str     0x00000260       0x2a guitarInitFunctions.o
                                 0xf7 (size before relaxing)
 .debug_str     0x0000028a      0x1f5 main.o
                                0x3c2 (size before relaxing)
 .debug_str     0x0000047f      0x156 ps3Interface.o
                                0x2a3 (size before relaxing)
 .debug_str     0x000005d5      0x29e usbdrv.o
                                0x441 (size before relaxing)
 .debug_str     0x00000873       0xe2 wiimote.o
                                0x1d7 (size before relaxing)
 .debug_str     0x00000955       0x57 wiiInterface.o
                                0x1a4 (size before relaxing)

.debug_loc      0x00000000      0xf21
 *(.debug_loc)
 .debug_loc     0x00000000      0x612 processStringState.o
 .debug_loc     0x00000612      0x12b main.o
 .debug_loc     0x0000073d       0x43 ps3Interface.o
 .debug_loc     0x00000780      0x372 usbdrv.o
 .debug_loc     0x00000af2      0x42f wiimote.o

.debug_macinfo
 *(.debug_macinfo)
OUTPUT(OpenChordV1_12MHz.elf elf32-avr)
LOAD linker stubs

.debug_ranges   0x00000000      0x130
 .debug_ranges  0x00000000       0x30 processStringState.o
 .debug_ranges  0x00000030       0x48 main.o
 .debug_ranges  0x00000078       0x48 ps3Interface.o
 .debug_ranges  0x000000c0       0x58 usbdrv.o
 .debug_ranges  0x00000118       0x18 wiimote.o
