Archive member included because of file (symbol)

c:/winavr-20090313/bin/../lib/gcc/avr/4.3.2/avr5\libgcc.a(_exit.o)
                              c:/winavr-20090313/bin/../lib/gcc/avr/4.3.2/../../../../avr/lib/avr5/crtm168.o (exit)
c:/winavr-20090313/bin/../lib/gcc/avr/4.3.2/avr5\libgcc.a(_copy_data.o)
                              usbdrv.o (__do_copy_data)
c:/winavr-20090313/bin/../lib/gcc/avr/4.3.2/avr5\libgcc.a(_clear_bss.o)
                              ps3Interface.o (__do_clear_bss)
c:/winavr-20090313/bin/../lib/gcc/avr/4.3.2/../../../../avr/lib/avr5\libc.a(eerd_block.o)
                              main.o (__eerd_block)
c:/winavr-20090313/bin/../lib/gcc/avr/4.3.2/../../../../avr/lib/avr5\libc.a(eewr_block.o)
                              main.o (__eewr_block)
c:/winavr-20090313/bin/../lib/gcc/avr/4.3.2/avr5\libgcc.a(_prologue.o)
                              c:/winavr-20090313/bin/../lib/gcc/avr/4.3.2/../../../../avr/lib/avr5\libc.a(eerd_block.o) (__prologue_saves__)
c:/winavr-20090313/bin/../lib/gcc/avr/4.3.2/avr5\libgcc.a(_epilogue.o)
                              c:/winavr-20090313/bin/../lib/gcc/avr/4.3.2/../../../../avr/lib/avr5\libc.a(eerd_block.o) (__epilogue_restores__)

Allocating common symbols
Common symbol       size              file

usbTxBuf            0xb               usbdrv.o
usbTxStatus1        0xc               usbdrv.o
usbDeviceAddr       0x1               usbdrv.o
usbRxToken          0x1               usbdrv.o
usbInputBufOffset   0x1               usbdrv.o
usbMsgPtr           0x2               usbdrv.o
usbRxLen            0x1               usbdrv.o
usbNewDeviceAddr    0x1               usbdrv.o
usbCurrentTok       0x1               usbdrv.o
usbConfiguration    0x1               usbdrv.o
reportBuffer        0x7               ps3Interface.o
usbRxBuf            0x16              usbdrv.o
usbTxStatus3        0xc               usbdrv.o

Memory Configuration

Name             Origin             Length             Attributes
text             0x00000000         0x00020000         xr
data             0x00800060         0x0000ffa0         rw !x
eeprom           0x00810000         0x00010000         rw !x
fuse             0x00820000         0x00000400         rw !x
lock             0x00830000         0x00000400         rw !x
signature        0x00840000         0x00000400         rw !x
*default*        0x00000000         0xffffffff

Linker script and memory map

Address of section .data set to 0x800100
LOAD c:/winavr-20090313/bin/../lib/gcc/avr/4.3.2/../../../../avr/lib/avr5/crtm168.o
LOAD main.o
LOAD guitarInitFunctions.o
LOAD processStringState.o
LOAD ps3Interface.o
LOAD usbdrv.o
LOAD usbdrvasm.o
LOAD c:/winavr-20090313/bin/../lib/gcc/avr/4.3.2/avr5\libgcc.a
LOAD c:/winavr-20090313/bin/../lib/gcc/avr/4.3.2/../../../../avr/lib/avr5\libc.a
LOAD c:/winavr-20090313/bin/../lib/gcc/avr/4.3.2/avr5\libgcc.a

.hash
 *(.hash)

.dynsym
 *(.dynsym)

.dynstr
 *(.dynstr)

.gnu.version
 *(.gnu.version)

.gnu.version_d
 *(.gnu.version_d)

.gnu.version_r
 *(.gnu.version_r)

.rel.init
 *(.rel.init)

.rela.init
 *(.rela.init)

.rel.text
 *(.rel.text)
 *(.rel.text.*)
 *(.rel.gnu.linkonce.t*)

.rela.text
 *(.rela.text)
 *(.rela.text.*)
 *(.rela.gnu.linkonce.t*)

.rel.fini
 *(.rel.fini)

.rela.fini
 *(.rela.fini)

.rel.rodata
 *(.rel.rodata)
 *(.rel.rodata.*)
 *(.rel.gnu.linkonce.r*)

.rela.rodata
 *(.rela.rodata)
 *(.rela.rodata.*)
 *(.rela.gnu.linkonce.r*)

.rel.data
 *(.rel.data)
 *(.rel.data.*)
 *(.rel.gnu.linkonce.d*)

.rela.data
 *(.rela.data)
 *(.rela.data.*)
 *(.rela.gnu.linkonce.d*)

.rel.ctors
 *(.rel.ctors)

.rela.ctors
 *(.rela.ctors)

.rel.dtors
 *(.rel.dtors)

.rela.dtors
 *(.rela.dtors)

.rel.got
 *(.rel.got)

.rela.got
 *(.rela.got)

.rel.bss
 *(.rel.bss)

.rela.bss
 *(.rela.bss)

.rel.plt
 *(.rel.plt)

.rela.plt
 *(.rela.plt)

.text           0x00000000     0x1bb8
 *(.vectors)
 .vectors       0x00000000       0x68 c:/winavr-20090313/bin/../lib/gcc/avr/4.3.2/../../../../avr/lib/avr5/crtm168.o
                0x00000000                __vectors
                0x00000000                __vector_default
 *(.vectors)
 *(.progmem.gcc*)
 *(.progmem*)
 .progmem.data  0x00000068       0x4a ps3Interface.o
                0x00000068                usbDescriptorHidReport
 .progmem.data  0x000000b2       0x6f usbdrv.o
                0x000000e6                usbDescriptorDevice
                0x000000b2                usbDescriptorString0
                0x000000f8                usbDescriptorConfiguration
                0x000000b6                usbDescriptorStringVendor
                0x000000d2                usbDescriptorStringDevice
                0x00000122                . = ALIGN (0x2)
 *fill*         0x00000121        0x1 00
                0x00000122                __trampolines_start = .
 *(.trampolines)
 .trampolines   0x00000122        0x0 linker stubs
 *(.trampolines*)
                0x00000122                __trampolines_end = .
 *(.jumptables)
 *(.jumptables*)
 *(.lowtext)
 *(.lowtext*)
                0x00000122                __ctors_start = .
 *(.ctors)
                0x00000122                __ctors_end = .
                0x00000122                __dtors_start = .
 *(.dtors)
                0x00000122                __dtors_end = .
 SORT(*)(.ctors)
 SORT(*)(.dtors)
 *(.init0)
 .init0         0x00000122        0x0 c:/winavr-20090313/bin/../lib/gcc/avr/4.3.2/../../../../avr/lib/avr5/crtm168.o
                0x00000122                __init
 *(.init0)
 *(.init1)
 *(.init1)
 *(.init2)
 .init2         0x00000122        0xc c:/winavr-20090313/bin/../lib/gcc/avr/4.3.2/../../../../avr/lib/avr5/crtm168.o
 *(.init2)
 *(.init3)
 *(.init3)
 *(.init4)
 .init4         0x0000012e       0x16 c:/winavr-20090313/bin/../lib/gcc/avr/4.3.2/avr5\libgcc.a(_copy_data.o)
                0x0000012e                __do_copy_data
 .init4         0x00000144       0x10 c:/winavr-20090313/bin/../lib/gcc/avr/4.3.2/avr5\libgcc.a(_clear_bss.o)
                0x00000144                __do_clear_bss
 *(.init4)
 *(.init5)
 *(.init5)
 *(.init6)
 *(.init6)
 *(.init7)
 *(.init7)
 *(.init8)
 *(.init8)
 *(.init9)
 .init9         0x00000154        0x8 c:/winavr-20090313/bin/../lib/gcc/avr/4.3.2/../../../../avr/lib/avr5/crtm168.o
 *(.init9)
 *(.text)
 .text          0x0000015c        0x4 c:/winavr-20090313/bin/../lib/gcc/avr/4.3.2/../../../../avr/lib/avr5/crtm168.o
                0x0000015c                __vector_22
                0x0000015c                __vector_1
                0x0000015c                __vector_24
                0x0000015c                __vector_12
                0x0000015c                __bad_interrupt
                0x0000015c                __vector_6
                0x0000015c                __vector_3
                0x0000015c                __vector_23
                0x0000015c                __vector_25
                0x0000015c                __vector_11
                0x0000015c                __vector_13
                0x0000015c                __vector_17
                0x0000015c                __vector_19
                0x0000015c                __vector_7
                0x0000015c                __vector_5
                0x0000015c                __vector_4
                0x0000015c                __vector_9
                0x0000015c                __vector_21
                0x0000015c                __vector_15
                0x0000015c                __vector_8
                0x0000015c                __vector_14
                0x0000015c                __vector_10
                0x0000015c                __vector_16
                0x0000015c                __vector_18
                0x0000015c                __vector_20
 .text          0x00000160      0x778 main.o
                0x0000018a                readFrets
                0x00000240                main
 .text          0x000008d8       0x90 guitarInitFunctions.o
                0x000008d8                setPins
                0x00000912                setTimer
 .text          0x00000968      0xaba processStringState.o
                0x00000e5c                processNotes
                0x00000968                processChords
                0x00001136                configSetButtonData
                0x00000fc2                processFrets
                0x0000110a                displayTransitionState
                0x000010dc                processStringState
 .text          0x00001422      0x168 ps3Interface.o
                0x00001422                usbFunctionSetup
                0x00001550                startCommunication
                0x00001468                sendData
 .text          0x0000158a      0x2c2 usbdrv.o
                0x000015ac                usbPoll
                0x000017c4                usbSetInterrupt3
                0x00001808                usbSetInterrupt
                0x0000158a                usbInit
 .text          0x0000184c      0x28a usbdrvasm.o
                0x0000184c                usbCrc16
                0x00001876                usbCrc16Append
                0x0000187e                __vector_2
 .text          0x00001ad6        0x0 c:/winavr-20090313/bin/../lib/gcc/avr/4.3.2/avr5\libgcc.a(_exit.o)
 .text          0x00001ad6        0x0 c:/winavr-20090313/bin/../lib/gcc/avr/4.3.2/avr5\libgcc.a(_copy_data.o)
 .text          0x00001ad6        0x0 c:/winavr-20090313/bin/../lib/gcc/avr/4.3.2/avr5\libgcc.a(_clear_bss.o)
 .text          0x00001ad6       0x38 c:/winavr-20090313/bin/../lib/gcc/avr/4.3.2/../../../../avr/lib/avr5\libc.a(eerd_block.o)
                0x00001ad6                __eerd_block
 .text          0x00001b0e       0x38 c:/winavr-20090313/bin/../lib/gcc/avr/4.3.2/../../../../avr/lib/avr5\libc.a(eewr_block.o)
                0x00001b0e                __eewr_block
 .text          0x00001b46        0x0 c:/winavr-20090313/bin/../lib/gcc/avr/4.3.2/avr5\libgcc.a(_prologue.o)
 .text          0x00001b46        0x0 c:/winavr-20090313/bin/../lib/gcc/avr/4.3.2/avr5\libgcc.a(_epilogue.o)
                0x00001b46                . = ALIGN (0x2)
 *(.text.*)
 .text.libgcc   0x00001b46        0x0 c:/winavr-20090313/bin/../lib/gcc/avr/4.3.2/avr5\libgcc.a(_exit.o)
 .text.libgcc   0x00001b46        0x0 c:/winavr-20090313/bin/../lib/gcc/avr/4.3.2/avr5\libgcc.a(_copy_data.o)
 .text.libgcc   0x00001b46        0x0 c:/winavr-20090313/bin/../lib/gcc/avr/4.3.2/avr5\libgcc.a(_clear_bss.o)
 .text.libgcc   0x00001b46       0x38 c:/winavr-20090313/bin/../lib/gcc/avr/4.3.2/avr5\libgcc.a(_prologue.o)
                0x00001b46                __prologue_saves__
 .text.libgcc   0x00001b7e       0x36 c:/winavr-20090313/bin/../lib/gcc/avr/4.3.2/avr5\libgcc.a(_epilogue.o)
                0x00001b7e                __epilogue_restores__
                0x00001bb4                . = ALIGN (0x2)
 *(.fini9)
 .fini9         0x00001bb4        0x0 c:/winavr-20090313/bin/../lib/gcc/avr/4.3.2/avr5\libgcc.a(_exit.o)
                0x00001bb4                exit
                0x00001bb4                _exit
 *(.fini9)
 *(.fini8)
 *(.fini8)
 *(.fini7)
 *(.fini7)
 *(.fini6)
 *(.fini6)
 *(.fini5)
 *(.fini5)
 *(.fini4)
 *(.fini4)
 *(.fini3)
 *(.fini3)
 *(.fini2)
 *(.fini2)
 *(.fini1)
 *(.fini1)
 *(.fini0)
 .fini0         0x00001bb4        0x4 c:/winavr-20090313/bin/../lib/gcc/avr/4.3.2/avr5\libgcc.a(_exit.o)
 *(.fini0)
                0x00001bb8                _etext = .

.data           0x00800100        0x2 load address 0x00001bb8
                0x00800100                PROVIDE (__data_start, .)
 *(.data)
 .data          0x00800100        0x0 c:/winavr-20090313/bin/../lib/gcc/avr/4.3.2/../../../../avr/lib/avr5/crtm168.o
 .data          0x00800100        0x0 main.o
 .data          0x00800100        0x0 guitarInitFunctions.o
 .data          0x00800100        0x0 processStringState.o
 .data          0x00800100        0x0 ps3Interface.o
 .data          0x00800100        0x2 usbdrv.o
                0x00800100                usbTxLen
 .data          0x00800102        0x0 usbdrvasm.o
 .data          0x00800102        0x0 c:/winavr-20090313/bin/../lib/gcc/avr/4.3.2/avr5\libgcc.a(_exit.o)
 .data          0x00800102        0x0 c:/winavr-20090313/bin/../lib/gcc/avr/4.3.2/avr5\libgcc.a(_copy_data.o)
 .data          0x00800102        0x0 c:/winavr-20090313/bin/../lib/gcc/avr/4.3.2/avr5\libgcc.a(_clear_bss.o)
 .data          0x00800102        0x0 c:/winavr-20090313/bin/../lib/gcc/avr/4.3.2/../../../../avr/lib/avr5\libc.a(eerd_block.o)
 .data          0x00800102        0x0 c:/winavr-20090313/bin/../lib/gcc/avr/4.3.2/../../../../avr/lib/avr5\libc.a(eewr_block.o)
 .data          0x00800102        0x0 c:/winavr-20090313/bin/../lib/gcc/avr/4.3.2/avr5\libgcc.a(_prologue.o)
 .data          0x00800102        0x0 c:/winavr-20090313/bin/../lib/gcc/avr/4.3.2/avr5\libgcc.a(_epilogue.o)
 *(.data*)
 *(.rodata)
 *(.rodata*)
 *(.gnu.linkonce.d*)
                0x00800102                . = ALIGN (0x2)
                0x00800102                _edata = .
                0x00800102                PROVIDE (__data_end, .)

.bss            0x00800102       0x4b
                0x00800102                PROVIDE (__bss_start, .)
 *(.bss)
 .bss           0x00800102        0x0 c:/winavr-20090313/bin/../lib/gcc/avr/4.3.2/../../../../avr/lib/avr5/crtm168.o
 .bss           0x00800102        0x0 main.o
 .bss           0x00800102        0x0 guitarInitFunctions.o
 .bss           0x00800102        0x0 processStringState.o
 .bss           0x00800102        0x1 ps3Interface.o
 .bss           0x00800103        0x1 usbdrv.o
 .bss           0x00800104        0x0 usbdrvasm.o
 .bss           0x00800104        0x0 c:/winavr-20090313/bin/../lib/gcc/avr/4.3.2/avr5\libgcc.a(_exit.o)
 .bss           0x00800104        0x0 c:/winavr-20090313/bin/../lib/gcc/avr/4.3.2/avr5\libgcc.a(_copy_data.o)
 .bss           0x00800104        0x0 c:/winavr-20090313/bin/../lib/gcc/avr/4.3.2/avr5\libgcc.a(_clear_bss.o)
 .bss           0x00800104        0x0 c:/winavr-20090313/bin/../lib/gcc/avr/4.3.2/../../../../avr/lib/avr5\libc.a(eerd_block.o)
 .bss           0x00800104        0x0 c:/winavr-20090313/bin/../lib/gcc/avr/4.3.2/../../../../avr/lib/avr5\libc.a(eewr_block.o)
 .bss           0x00800104        0x0 c:/winavr-20090313/bin/../lib/gcc/avr/4.3.2/avr5\libgcc.a(_prologue.o)
 .bss           0x00800104        0x0 c:/winavr-20090313/bin/../lib/gcc/avr/4.3.2/avr5\libgcc.a(_epilogue.o)
 *(.bss*)
 *(COMMON)
 COMMON         0x00800104        0x7 ps3Interface.o
                0x00800104                reportBuffer
 COMMON         0x0080010b       0x42 usbdrv.o
                0x0080010b                usbTxBuf
                0x00800116                usbTxStatus1
                0x00800122                usbDeviceAddr
                0x00800123                usbRxToken
                0x00800124                usbInputBufOffset
                0x00800125                usbMsgPtr
                0x00800127                usbRxLen
                0x00800128                usbNewDeviceAddr
                0x00800129                usbCurrentTok
                0x0080012a                usbConfiguration
                0x0080012b                usbRxBuf
                0x00800141                usbTxStatus3
                0x0080014d                PROVIDE (__bss_end, .)
                0x00001bb8                __data_load_start = LOADADDR (.data)
                0x00001bba                __data_load_end = (__data_load_start + SIZEOF (.data))

.noinit         0x0080014d        0x0
                0x0080014d                PROVIDE (__noinit_start, .)
 *(.noinit*)
                0x0080014d                PROVIDE (__noinit_end, .)
                0x0080014d                _end = .
                0x0080014d                PROVIDE (__heap_start, .)

.eeprom         0x00810000      0x172
 *(.eeprom*)
 .eeprom        0x00810000      0x172 main.o
                0x00810000                notesModeButtonPatterns
                0x00810168                nonvolitileString
                0x00810078                chordModeButtonPatterns
                0x00810172                __eeprom_end = .

.fuse
 *(.fuse)
 *(.lfuse)
 *(.hfuse)
 *(.efuse)

.lock
 *(.lock*)

.signature
 *(.signature*)

.stab
 *(.stab)

.stabstr
 *(.stabstr)

.stab.excl
 *(.stab.excl)

.stab.exclstr
 *(.stab.exclstr)

.stab.index
 *(.stab.index)

.stab.indexstr
 *(.stab.indexstr)

.comment
 *(.comment)

.debug
 *(.debug)

.line
 *(.line)

.debug_srcinfo
 *(.debug_srcinfo)

.debug_sfnames
 *(.debug_sfnames)

.debug_aranges  0x00000000       0xa0
 *(.debug_aranges)
 .debug_aranges
                0x00000000       0x20 main.o
 .debug_aranges
                0x00000020       0x20 guitarInitFunctions.o
 .debug_aranges
                0x00000040       0x20 processStringState.o
 .debug_aranges
                0x00000060       0x20 ps3Interface.o
 .debug_aranges
                0x00000080       0x20 usbdrv.o

.debug_pubnames
                0x00000000      0x35f
 *(.debug_pubnames)
 .debug_pubnames
                0x00000000       0x77 main.o
 .debug_pubnames
                0x00000077       0x2b guitarInitFunctions.o
 .debug_pubnames
                0x000000a2       0x90 processStringState.o
 .debug_pubnames
                0x00000132       0x77 ps3Interface.o
 .debug_pubnames
                0x000001a9      0x1b6 usbdrv.o

.debug_info     0x00000000     0x1a3e
 *(.debug_info)
 .debug_info    0x00000000      0x87f main.o
 .debug_info    0x0000087f       0x8d guitarInitFunctions.o
 .debug_info    0x0000090c      0x446 processStringState.o
 .debug_info    0x00000d52      0x3b5 ps3Interface.o
 .debug_info    0x00001107      0x937 usbdrv.o
 *(.gnu.linkonce.wi.*)

.debug_abbrev   0x00000000      0x8eb
 *(.debug_abbrev)
 .debug_abbrev  0x00000000      0x2b4 main.o
 .debug_abbrev  0x000002b4       0x3f guitarInitFunctions.o
 .debug_abbrev  0x000002f3      0x147 processStringState.o
 .debug_abbrev  0x0000043a      0x1f0 ps3Interface.o
 .debug_abbrev  0x0000062a      0x2c1 usbdrv.o

.debug_line     0x00000000     0x161a
 *(.debug_line)
 .debug_line    0x00000000      0x7f0 main.o
 .debug_line    0x000007f0      0x1bd guitarInitFunctions.o
 .debug_line    0x000009ad      0x5d1 processStringState.o
 .debug_line    0x00000f7e      0x2c7 ps3Interface.o
 .debug_line    0x00001245      0x3d5 usbdrv.o

.debug_frame    0x00000000      0x180
 *(.debug_frame)
 .debug_frame   0x00000000       0x50 main.o
 .debug_frame   0x00000050       0x30 guitarInitFunctions.o
 .debug_frame   0x00000080       0x70 processStringState.o
 .debug_frame   0x000000f0       0x40 ps3Interface.o
 .debug_frame   0x00000130       0x50 usbdrv.o

.debug_str      0x00000000      0x815
 *(.debug_str)
 .debug_str     0x00000000      0x34a main.o
                                0x383 (size before relaxing)
 .debug_str     0x0000034a       0x2a guitarInitFunctions.o
                                 0xea (size before relaxing)
 .debug_str     0x00000374       0xbf processStringState.o
                                0x261 (size before relaxing)
 .debug_str     0x00000433      0x144 ps3Interface.o
                                0x266 (size before relaxing)
 .debug_str     0x00000577      0x29e usbdrv.o
                                0x434 (size before relaxing)

.debug_loc      0x00000000      0xae9
 *(.debug_loc)
 .debug_loc     0x00000000      0x142 main.o
 .debug_loc     0x00000142      0x5ca processStringState.o
 .debug_loc     0x0000070c       0x6b ps3Interface.o
 .debug_loc     0x00000777      0x372 usbdrv.o

.debug_macinfo
 *(.debug_macinfo)
OUTPUT(V1_USB.elf elf32-avr)
LOAD linker stubs

.debug_ranges   0x00000000      0x100
 .debug_ranges  0x00000000       0x48 main.o
 .debug_ranges  0x00000048       0x18 processStringState.o
 .debug_ranges  0x00000060       0x48 ps3Interface.o
 .debug_ranges  0x000000a8       0x58 usbdrv.o
